Component: ARM Compiler 5.06 update 5 (build 528) Tool: armlink [4d35e2]

==============================================================================

Section Cross References

    startup_stm32f10x_md.o(RESET) refers to startup_stm32f10x_md.o(STACK) for __initial_sp
    startup_stm32f10x_md.o(RESET) refers to startup_stm32f10x_md.o(.text) for Reset_Handler
    startup_stm32f10x_md.o(RESET) refers to stm32f10x_it.o(i.NMI_Handler) for NMI_Handler
    startup_stm32f10x_md.o(RESET) refers to stm32f10x_it.o(i.HardFault_Handler) for HardFault_Handler
    startup_stm32f10x_md.o(RESET) refers to stm32f10x_it.o(i.MemManage_Handler) for MemManage_Handler
    startup_stm32f10x_md.o(RESET) refers to stm32f10x_it.o(i.BusFault_Handler) for BusFault_Handler
    startup_stm32f10x_md.o(RESET) refers to stm32f10x_it.o(i.UsageFault_Handler) for UsageFault_Handler
    startup_stm32f10x_md.o(RESET) refers to stm32f10x_it.o(i.SVC_Handler) for SVC_Handler
    startup_stm32f10x_md.o(RESET) refers to stm32f10x_it.o(i.DebugMon_Handler) for DebugMon_Handler
    startup_stm32f10x_md.o(RESET) refers to stm32f10x_it.o(i.PendSV_Handler) for PendSV_Handler
    startup_stm32f10x_md.o(RESET) refers to stm32f10x_it.o(i.SysTick_Handler) for SysTick_Handler
    startup_stm32f10x_md.o(RESET) refers to rtc.o(i.RTC_IRQHandler) for RTC_IRQHandler
    startup_stm32f10x_md.o(RESET) refers to clock.o(i.EXTI2_IRQHandler) for EXTI2_IRQHandler
    startup_stm32f10x_md.o(RESET) refers to timer.o(i.TIM2_IRQHandler) for TIM2_IRQHandler
    startup_stm32f10x_md.o(RESET) refers to timer.o(i.TIM3_IRQHandler) for TIM3_IRQHandler
    startup_stm32f10x_md.o(RESET) refers to usart.o(i.USART1_IRQHandler) for USART1_IRQHandler
    startup_stm32f10x_md.o(RESET) refers to usart.o(i.USART3_IRQHandler) for USART3_IRQHandler
    startup_stm32f10x_md.o(.text) refers to system_stm32f10x.o(i.SystemInit) for SystemInit
    startup_stm32f10x_md.o(.text) refers to entry.o(.ARM.Collect$$$$00000000) for __main
    system_stm32f10x.o(i.SetSysClock) refers to system_stm32f10x.o(i.SetSysClockTo72) for SetSysClockTo72
    system_stm32f10x.o(i.SystemCoreClockUpdate) refers to system_stm32f10x.o(.data) for SystemCoreClock
    system_stm32f10x.o(i.SystemInit) refers to system_stm32f10x.o(i.SetSysClock) for SetSysClock
    stm32f10x_adc.o(i.ADC_DeInit) refers to stm32f10x_rcc.o(i.RCC_APB2PeriphResetCmd) for RCC_APB2PeriphResetCmd
    stm32f10x_bkp.o(i.BKP_DeInit) refers to stm32f10x_rcc.o(i.RCC_BackupResetCmd) for RCC_BackupResetCmd
    stm32f10x_can.o(i.CAN_DeInit) refers to stm32f10x_rcc.o(i.RCC_APB1PeriphResetCmd) for RCC_APB1PeriphResetCmd
    stm32f10x_can.o(i.CAN_GetITStatus) refers to stm32f10x_can.o(i.CheckITStatus) for CheckITStatus
    stm32f10x_cec.o(i.CEC_DeInit) refers to stm32f10x_rcc.o(i.RCC_APB1PeriphResetCmd) for RCC_APB1PeriphResetCmd
    stm32f10x_dac.o(i.DAC_DeInit) refers to stm32f10x_rcc.o(i.RCC_APB1PeriphResetCmd) for RCC_APB1PeriphResetCmd
    stm32f10x_flash.o(i.FLASH_EnableWriteProtection) refers to stm32f10x_flash.o(i.FLASH_WaitForLastOperation) for FLASH_WaitForLastOperation
    stm32f10x_flash.o(i.FLASH_EraseAllBank1Pages) refers to stm32f10x_flash.o(i.FLASH_WaitForLastBank1Operation) for FLASH_WaitForLastBank1Operation
    stm32f10x_flash.o(i.FLASH_EraseAllPages) refers to stm32f10x_flash.o(i.FLASH_WaitForLastOperation) for FLASH_WaitForLastOperation
    stm32f10x_flash.o(i.FLASH_EraseOptionBytes) refers to stm32f10x_flash.o(i.FLASH_GetReadOutProtectionStatus) for FLASH_GetReadOutProtectionStatus
    stm32f10x_flash.o(i.FLASH_EraseOptionBytes) refers to stm32f10x_flash.o(i.FLASH_WaitForLastOperation) for FLASH_WaitForLastOperation
    stm32f10x_flash.o(i.FLASH_ErasePage) refers to stm32f10x_flash.o(i.FLASH_WaitForLastOperation) for FLASH_WaitForLastOperation
    stm32f10x_flash.o(i.FLASH_ProgramHalfWord) refers to stm32f10x_flash.o(i.FLASH_WaitForLastOperation) for FLASH_WaitForLastOperation
    stm32f10x_flash.o(i.FLASH_ProgramOptionByteData) refers to stm32f10x_flash.o(i.FLASH_WaitForLastOperation) for FLASH_WaitForLastOperation
    stm32f10x_flash.o(i.FLASH_ProgramWord) refers to stm32f10x_flash.o(i.FLASH_WaitForLastOperation) for FLASH_WaitForLastOperation
    stm32f10x_flash.o(i.FLASH_ReadOutProtection) refers to stm32f10x_flash.o(i.FLASH_WaitForLastOperation) for FLASH_WaitForLastOperation
    stm32f10x_flash.o(i.FLASH_UserOptionByteConfig) refers to stm32f10x_flash.o(i.FLASH_WaitForLastOperation) for FLASH_WaitForLastOperation
    stm32f10x_flash.o(i.FLASH_WaitForLastBank1Operation) refers to stm32f10x_flash.o(i.FLASH_GetBank1Status) for FLASH_GetBank1Status
    stm32f10x_flash.o(i.FLASH_WaitForLastOperation) refers to stm32f10x_flash.o(i.FLASH_GetBank1Status) for FLASH_GetBank1Status
    stm32f10x_gpio.o(i.GPIO_AFIODeInit) refers to stm32f10x_rcc.o(i.RCC_APB2PeriphResetCmd) for RCC_APB2PeriphResetCmd
    stm32f10x_gpio.o(i.GPIO_DeInit) refers to stm32f10x_rcc.o(i.RCC_APB2PeriphResetCmd) for RCC_APB2PeriphResetCmd
[...]
    Removing stm32f10x_dac.o(i.DAC_SoftwareTriggerCmd), (44 bytes).
    Removing stm32f10x_dac.o(i.DAC_StructInit), (12 bytes).
    Removing stm32f10x_dac.o(i.DAC_WaveGenerationCmd), (40 bytes).
    Removing stm32f10x_dbgmcu.o(i.DBGMCU_Config), (32 bytes).
    Removing stm32f10x_dbgmcu.o(i.DBGMCU_GetDEVID), (16 bytes).
    Removing stm32f10x_dbgmcu.o(i.DBGMCU_GetREVID), (12 bytes).
    Removing stm32f10x_dma.o(i.DMA_ClearFlag), (28 bytes).
    Removing stm32f10x_dma.o(i.DMA_ClearITPendingBit), (28 bytes).
    Removing stm32f10x_dma.o(i.DMA_Cmd), (24 bytes).
    Removing stm32f10x_dma.o(i.DMA_DeInit), (332 bytes).
    Removing stm32f10x_dma.o(i.DMA_GetCurrDataCounter), (8 bytes).
    Removing stm32f10x_dma.o(i.DMA_GetFlagStatus), (44 bytes).
    Removing stm32f10x_dma.o(i.DMA_GetITStatus), (44 bytes).
    Removing stm32f10x_dma.o(i.DMA_ITConfig), (18 bytes).
    Removing stm32f10x_dma.o(i.DMA_Init), (60 bytes).
    Removing stm32f10x_dma.o(i.DMA_SetCurrDataCounter), (4 bytes).
    Removing stm32f10x_dma.o(i.DMA_StructInit), (26 bytes).
    Removing stm32f10x_exti.o(i.EXTI_DeInit), (36 bytes).
    Removing stm32f10x_exti.o(i.EXTI_GenerateSWInterrupt), (16 bytes).
    Removing stm32f10x_exti.o(i.EXTI_GetFlagStatus), (24 bytes).
    Removing stm32f10x_exti.o(i.EXTI_Init), (148 bytes).
    Removing stm32f10x_exti.o(i.EXTI_StructInit), (16 bytes).
    Removing stm32f10x_flash.o(i.FLASH_ClearFlag), (12 bytes).
    Removing stm32f10x_flash.o(i.FLASH_EnableWriteProtection), (196 bytes).
    Removing stm32f10x_flash.o(i.FLASH_EraseAllBank1Pages), (72 bytes).
    Removing stm32f10x_flash.o(i.FLASH_EraseAllPages), (72 bytes).
    Removing stm32f10x_flash.o(i.FLASH_EraseOptionBytes), (168 bytes).
    Removing stm32f10x_flash.o(i.FLASH_ErasePage), (76 bytes).
    Removing stm32f10x_flash.o(i.FLASH_GetBank1Status), (52 bytes).
    Removing stm32f10x_flash.o(i.FLASH_GetFlagStatus), (48 bytes).
    Removing stm32f10x_flash.o(i.FLASH_GetPrefetchBufferStatus), (24 bytes).
    Removing stm32f10x_flash.o(i.FLASH_GetReadOutProtectionStatus), (24 bytes).
    Removing stm32f10x_flash.o(i.FLASH_GetStatus), (52 bytes).
    Removing stm32f10x_flash.o(i.FLASH_GetUserOptionByte), (12 bytes).
    Removing stm32f10x_flash.o(i.FLASH_GetWriteProtectionOptionByte), (12 bytes).
    Removing stm32f10x_flash.o(i.FLASH_HalfCycleAccessCmd), (28 bytes).
    Removing stm32f10x_flash.o(i.FLASH_ITConfig), (32 bytes).
    Removing stm32f10x_flash.o(i.FLASH_Lock), (20 bytes).
    Removing stm32f10x_flash.o(i.FLASH_LockBank1), (20 bytes).
    Removing stm32f10x_flash.o(i.FLASH_PrefetchBufferCmd), (28 bytes).
    Removing stm32f10x_flash.o(i.FLASH_ProgramHalfWord), (64 bytes).
    Removing stm32f10x_flash.o(i.FLASH_ProgramOptionByteData), (84 bytes).
    Removing stm32f10x_flash.o(i.FLASH_ProgramWord), (108 bytes).
    Removing stm32f10x_flash.o(i.FLASH_ReadOutProtection), (172 bytes).
    Removing stm32f10x_flash.o(i.FLASH_SetLatency), (24 bytes).
    Removing stm32f10x_flash.o(i.FLASH_Unlock), (24 bytes).
    Removing stm32f10x_flash.o(i.FLASH_UnlockBank1), (24 bytes).
    Removing stm32f10x_flash.o(i.FLASH_UserOptionByteConfig), (104 bytes).
    Removing stm32f10x_flash.o(i.FLASH_WaitForLastBank1Operation), (38 bytes).
    Removing stm32f10x_flash.o(i.FLASH_WaitForLastOperation), (38 bytes).
    Removing stm32f10x_fsmc.o(i.FSMC_ClearFlag), (64 bytes).
    Removing stm32f10x_fsmc.o(i.FSMC_ClearITPendingBit), (72 bytes).
    Removing stm32f10x_fsmc.o(i.FSMC_GetECC), (28 bytes).
    Removing stm32f10x_fsmc.o(i.FSMC_GetFlagStatus), (56 bytes).
    Removing stm32f10x_fsmc.o(i.FSMC_GetITStatus), (68 bytes).
    Removing stm32f10x_fsmc.o(i.FSMC_ITConfig), (128 bytes).
    Removing stm32f10x_fsmc.o(i.FSMC_NANDCmd), (92 bytes).
    Removing stm32f10x_fsmc.o(i.FSMC_NANDDeInit), (68 bytes).
    Removing stm32f10x_fsmc.o(i.FSMC_NANDECCCmd), (92 bytes).
    Removing stm32f10x_fsmc.o(i.FSMC_NANDInit), (136 bytes).
    Removing stm32f10x_fsmc.o(i.FSMC_NANDStructInit), (54 bytes).
    Removing stm32f10x_fsmc.o(i.FSMC_NORSRAMCmd), (52 bytes).
    Removing stm32f10x_fsmc.o(i.FSMC_NORSRAMDeInit), (54 bytes).
    Removing stm32f10x_fsmc.o(i.FSMC_NORSRAMInit), (230 bytes).
    Removing stm32f10x_fsmc.o(i.FSMC_NORSRAMStructInit), (114 bytes).
    Removing stm32f10x_fsmc.o(i.FSMC_PCCARDCmd), (48 bytes).
    Removing stm32f10x_fsmc.o(i.FSMC_PCCARDDeInit), (40 bytes).
    Removing stm32f10x_fsmc.o(i.FSMC_PCCARDInit), (132 bytes).
    Removing stm32f10x_fsmc.o(i.FSMC_PCCARDStructInit), (60 bytes).
    Removing stm32f10x_gpio.o(i.GPIO_AFIODeInit), (20 bytes).
    Removing stm32f10x_gpio.o(i.GPIO_DeInit), (200 bytes).
    Removing stm32f10x_gpio.o(i.GPIO_ETH_MediaInterfaceConfig), (12 bytes).
    Removing stm32f10x_gpio.o(i.GPIO_EXTILineConfig), (64 bytes).
    Removing stm32f10x_gpio.o(i.GPIO_EventOutputCmd), (12 bytes).
    Removing stm32f10x_gpio.o(i.GPIO_EventOutputConfig), (32 bytes).
    Removing stm32f10x_gpio.o(i.GPIO_PinLockConfig), (18 bytes).
    Removing stm32f10x_gpio.o(i.GPIO_PinRemapConfig), (144 bytes).
    Removing stm32f10x_gpio.o(i.GPIO_ReadInputData), (8 bytes).
    Removing stm32f10x_gpio.o(i.GPIO_ReadOutputData), (8 bytes).
    Removing stm32f10x_gpio.o(i.GPIO_ReadOutputDataBit), (18 bytes).
    Removing stm32f10x_gpio.o(i.GPIO_StructInit), (16 bytes).
    Removing stm32f10x_gpio.o(i.GPIO_Write), (4 bytes).
    Removing stm32f10x_i2c.o(i.I2C_ARPCmd), (24 bytes).
    Removing stm32f10x_i2c.o(i.I2C_AcknowledgeConfig), (24 bytes).
    Removing stm32f10x_i2c.o(i.I2C_CalculatePEC), (24 bytes).
    Removing stm32f10x_i2c.o(i.I2C_CheckEvent), (42 bytes).
    Removing stm32f10x_i2c.o(i.I2C_ClearFlag), (12 bytes).
    Removing stm32f10x_i2c.o(i.I2C_ClearITPendingBit), (12 bytes).
    Removing stm32f10x_i2c.o(i.I2C_Cmd), (24 bytes).
    Removing stm32f10x_i2c.o(i.I2C_DMACmd), (24 bytes).
    Removing stm32f10x_i2c.o(i.I2C_DMALastTransferCmd), (24 bytes).
    Removing stm32f10x_i2c.o(i.I2C_DeInit), (56 bytes).
    Removing stm32f10x_i2c.o(i.I2C_DualAddressCmd), (24 bytes).
    Removing stm32f10x_i2c.o(i.I2C_FastModeDutyCycleConfig), (28 bytes).
    Removing stm32f10x_i2c.o(i.I2C_GeneralCallCmd), (24 bytes).
    Removing stm32f10x_i2c.o(i.I2C_GenerateSTART), (24 bytes).
    Removing stm32f10x_i2c.o(i.I2C_GenerateSTOP), (24 bytes).
    Removing stm32f10x_i2c.o(i.I2C_GetFlagStatus), (58 bytes).
    Removing stm32f10x_i2c.o(i.I2C_GetITStatus), (38 bytes).
    Removing stm32f10x_i2c.o(i.I2C_GetLastEvent), (26 bytes).
    Removing stm32f10x_i2c.o(i.I2C_GetPEC), (8 bytes).
    Removing stm32f10x_i2c.o(i.I2C_ITConfig), (18 bytes).
    Removing stm32f10x_i2c.o(i.I2C_Init), (236 bytes).
    Removing stm32f10x_i2c.o(i.I2C_NACKPositionConfig), (28 bytes).
    Removing stm32f10x_i2c.o(i.I2C_OwnAddress2Config), (22 bytes).
    Removing stm32f10x_i2c.o(i.I2C_PECPositionConfig), (28 bytes).
    Removing stm32f10x_i2c.o(i.I2C_ReadRegister), (22 bytes).
    Removing stm32f10x_i2c.o(i.I2C_ReceiveData), (8 bytes).
    Removing stm32f10x_i2c.o(i.I2C_SMBusAlertConfig), (28 bytes).
    Removing stm32f10x_i2c.o(i.I2C_Send7bitAddress), (18 bytes).
    Removing stm32f10x_i2c.o(i.I2C_SendData), (4 bytes).
    Removing stm32f10x_i2c.o(i.I2C_SoftwareResetCmd), (22 bytes).
    Removing stm32f10x_i2c.o(i.I2C_StretchClockCmd), (24 bytes).
    Removing stm32f10x_i2c.o(i.I2C_StructInit), (30 bytes).
    Removing stm32f10x_i2c.o(i.I2C_TransmitPEC), (24 bytes).
    Removing stm32f10x_iwdg.o(i.IWDG_Enable), (16 bytes).
    Removing stm32f10x_iwdg.o(i.IWDG_GetFlagStatus), (24 bytes).
    Removing stm32f10x_iwdg.o(i.IWDG_ReloadCounter), (16 bytes).
    Removing stm32f10x_iwdg.o(i.IWDG_SetPrescaler), (12 bytes).
    Removing stm32f10x_iwdg.o(i.IWDG_SetReload), (12 bytes).
    Removing stm32f10x_iwdg.o(i.IWDG_WriteAccessCmd), (12 bytes).
    Removing stm32f10x_pwr.o(i.PWR_ClearFlag), (20 bytes).
    Removing stm32f10x_pwr.o(i.PWR_DeInit), (22 bytes).
    Removing stm32f10x_pwr.o(i.PWR_EnterSTANDBYMode), (52 bytes).
    Removing stm32f10x_pwr.o(i.PWR_EnterSTOPMode), (64 bytes).
    Removing stm32f10x_pwr.o(i.PWR_GetFlagStatus), (24 bytes).
    Removing stm32f10x_pwr.o(i.PWR_PVDCmd), (12 bytes).
    Removing stm32f10x_pwr.o(i.PWR_PVDLevelConfig), (24 bytes).
    Removing stm32f10x_pwr.o(i.PWR_WakeUpPinCmd), (12 bytes).
    Removing stm32f10x_rcc.o(i.RCC_ADCCLKConfig), (24 bytes).
    Removing stm32f10x_rcc.o(i.RCC_AHBPeriphClockCmd), (32 bytes).
    Removing stm32f10x_rcc.o(i.RCC_APB1PeriphResetCmd), (32 bytes).
    Removing stm32f10x_rcc.o(i.RCC_APB2PeriphResetCmd), (32 bytes).
    Removing stm32f10x_rcc.o(i.RCC_AdjustHSICalibrationValue), (24 bytes).
    Removing stm32f10x_rcc.o(i.RCC_ClearFlag), (20 bytes).
    Removing stm32f10x_rcc.o(i.RCC_ClearITPendingBit), (12 bytes).
    Removing stm32f10x_rcc.o(i.RCC_ClockSecuritySystemCmd), (12 bytes).
    Removing stm32f10x_rcc.o(i.RCC_DeInit), (76 bytes).
    Removing stm32f10x_rcc.o(i.RCC_GetITStatus), (24 bytes).
    Removing stm32f10x_rcc.o(i.RCC_GetSYSCLKSource), (16 bytes).
    Removing stm32f10x_rcc.o(i.RCC_HCLKConfig), (24 bytes).
    Removing stm32f10x_rcc.o(i.RCC_HSEConfig), (76 bytes).
    Removing stm32f10x_rcc.o(i.RCC_HSICmd), (12 bytes).
    Removing stm32f10x_rcc.o(i.RCC_ITConfig), (32 bytes).
    Removing stm32f10x_rcc.o(i.RCC_LSICmd), (12 bytes).
    Removing stm32f10x_rcc.o(i.RCC_MCOConfig), (12 bytes).
    Removing stm32f10x_rcc.o(i.RCC_PCLK1Config), (24 bytes).
    Removing stm32f10x_rcc.o(i.RCC_PCLK2Config), (24 bytes).
    Removing stm32f10x_rcc.o(i.RCC_PLLCmd), (12 bytes).
    Removing stm32f10x_rcc.o(i.RCC_PLLConfig), (28 bytes).
    Removing stm32f10x_rcc.o(i.RCC_SYSCLKConfig), (24 bytes).
    Removing stm32f10x_rcc.o(i.RCC_USBCLKConfig), (12 bytes).
    Removing stm32f10x_rcc.o(i.RCC_WaitForHSEStartUp), (56 bytes).
    Removing stm32f10x_rtc.o(i.RTC_ClearFlag), (16 bytes).
    Removing stm32f10x_rtc.o(i.RTC_GetDivider), (24 bytes).
    Removing stm32f10x_rtc.o(i.RTC_GetFlagStatus), (24 bytes).
    Removing stm32f10x_rtc.o(i.RTC_SetAlarm), (28 bytes).
    Removing stm32f10x_sdio.o(i.SDIO_CEATAITCmd), (16 bytes).
    Removing stm32f10x_sdio.o(i.SDIO_ClearFlag), (12 bytes).
    Removing stm32f10x_sdio.o(i.SDIO_ClearITPendingBit), (12 bytes).
    Removing stm32f10x_sdio.o(i.SDIO_ClockCmd), (12 bytes).
    Removing stm32f10x_sdio.o(i.SDIO_CmdStructInit), (14 bytes).
    Removing stm32f10x_sdio.o(i.SDIO_CommandCompletionCmd), (12 bytes).
    Removing stm32f10x_sdio.o(i.SDIO_DMACmd), (12 bytes).
    Removing stm32f10x_sdio.o(i.SDIO_DataConfig), (48 bytes).
    Removing stm32f10x_sdio.o(i.SDIO_DataStructInit), (20 bytes).
    Removing stm32f10x_sdio.o(i.SDIO_DeInit), (36 bytes).
    Removing stm32f10x_sdio.o(i.SDIO_GetCommandResponse), (12 bytes).
    Removing stm32f10x_sdio.o(i.SDIO_GetDataCounter), (12 bytes).
    Removing stm32f10x_sdio.o(i.SDIO_GetFIFOCount), (12 bytes).
    Removing stm32f10x_sdio.o(i.SDIO_GetFlagStatus), (24 bytes).
    Removing stm32f10x_sdio.o(i.SDIO_GetITStatus), (24 bytes).
    Removing stm32f10x_sdio.o(i.SDIO_GetPowerState), (16 bytes).
    Removing stm32f10x_sdio.o(i.SDIO_GetResponse), (24 bytes).
    Removing stm32f10x_sdio.o(i.SDIO_ITConfig), (32 bytes).
    Removing stm32f10x_sdio.o(i.SDIO_Init), (48 bytes).
    Removing stm32f10x_sdio.o(i.SDIO_ReadData), (12 bytes).
    Removing stm32f10x_sdio.o(i.SDIO_SendCEATACmd), (12 bytes).
    Removing stm32f10x_sdio.o(i.SDIO_SendCommand), (44 bytes).
    Removing stm32f10x_sdio.o(i.SDIO_SendSDIOSuspendCmd), (12 bytes).
    Removing stm32f10x_sdio.o(i.SDIO_SetPowerState), (28 bytes).
    Removing stm32f10x_sdio.o(i.SDIO_SetSDIOOperation), (12 bytes).
    Removing stm32f10x_sdio.o(i.SDIO_SetSDIOReadWaitMode), (12 bytes).
    Removing stm32f10x_sdio.o(i.SDIO_StartSDIOReadWait), (12 bytes).
    Removing stm32f10x_sdio.o(i.SDIO_StopSDIOReadWait), (12 bytes).
    Removing stm32f10x_sdio.o(i.SDIO_StructInit), (16 bytes).
    Removing stm32f10x_sdio.o(i.SDIO_WriteData), (12 bytes).
    Removing stm32f10x_spi.o(i.I2S_Cmd), (24 bytes).
    Removing stm32f10x_spi.o(i.I2S_Init), (232 bytes).
    Removing stm32f10x_spi.o(i.I2S_StructInit), (20 bytes).
    Removing stm32f10x_spi.o(i.SPI_BiDirectionalLineConfig), (28 bytes).
    Removing stm32f10x_spi.o(i.SPI_CalculateCRC), (24 bytes).
    Removing stm32f10x_spi.o(i.SPI_Cmd), (24 bytes).
    Removing stm32f10x_spi.o(i.SPI_DataSizeConfig), (18 bytes).
    Removing stm32f10x_spi.o(i.SPI_GetCRC), (16 bytes).
    Removing stm32f10x_spi.o(i.SPI_GetCRCPolynomial), (6 bytes).
    Removing stm32f10x_spi.o(i.SPI_I2S_ClearFlag), (6 bytes).
    Removing stm32f10x_spi.o(i.SPI_I2S_ClearITPendingBit), (20 bytes).
    Removing stm32f10x_spi.o(i.SPI_I2S_DMACmd), (18 bytes).
    Removing stm32f10x_spi.o(i.SPI_I2S_DeInit), (88 bytes).
    Removing stm32f10x_spi.o(i.SPI_I2S_GetFlagStatus), (18 bytes).
    Removing stm32f10x_spi.o(i.SPI_I2S_GetITStatus), (52 bytes).
    Removing stm32f10x_spi.o(i.SPI_I2S_ITConfig), (32 bytes).
    Removing stm32f10x_spi.o(i.SPI_I2S_ReceiveData), (6 bytes).
    Removing stm32f10x_spi.o(i.SPI_I2S_SendData), (4 bytes).
    Removing stm32f10x_spi.o(i.SPI_Init), (60 bytes).
    Removing stm32f10x_spi.o(i.SPI_NSSInternalSoftwareConfig), (30 bytes).
    Removing stm32f10x_spi.o(i.SPI_SSOutputCmd), (24 bytes).
    Removing stm32f10x_spi.o(i.SPI_StructInit), (24 bytes).
    Removing stm32f10x_spi.o(i.SPI_TransmitCRC), (10 bytes).
    Removing stm32f10x_tim.o(i.TI1_Config), (128 bytes).
    Removing stm32f10x_tim.o(i.TI2_Config), (152 bytes).
    Removing stm32f10x_tim.o(i.TI3_Config), (144 bytes).
    Removing stm32f10x_tim.o(i.TI4_Config), (152 bytes).
    Removing stm32f10x_tim.o(i.TIM_ARRPreloadConfig), (24 bytes).
    Removing stm32f10x_tim.o(i.TIM_BDTRConfig), (32 bytes).
    Removing stm32f10x_tim.o(i.TIM_BDTRStructInit), (18 bytes).
    Removing stm32f10x_tim.o(i.TIM_CCPreloadControl), (24 bytes).
    Removing stm32f10x_tim.o(i.TIM_CCxCmd), (30 bytes).
    Removing stm32f10x_tim.o(i.TIM_CCxNCmd), (30 bytes).
    Removing stm32f10x_tim.o(i.TIM_ClearOC1Ref), (18 bytes).
    Removing stm32f10x_tim.o(i.TIM_ClearOC2Ref), (24 bytes).
    Removing stm32f10x_tim.o(i.TIM_ClearOC3Ref), (18 bytes).
    Removing stm32f10x_tim.o(i.TIM_ClearOC4Ref), (24 bytes).
    Removing stm32f10x_tim.o(i.TIM_CounterModeConfig), (18 bytes).
    Removing stm32f10x_tim.o(i.TIM_CtrlPWMOutputs), (30 bytes).
    Removing stm32f10x_tim.o(i.TIM_DMACmd), (18 bytes).
    Removing stm32f10x_tim.o(i.TIM_DMAConfig), (10 bytes).
    Removing stm32f10x_tim.o(i.TIM_DeInit), (488 bytes).
    Removing stm32f10x_tim.o(i.TIM_ETRClockMode1Config), (54 bytes).
    Removing stm32f10x_tim.o(i.TIM_ETRClockMode2Config), (32 bytes).
    Removing stm32f10x_tim.o(i.TIM_ETRConfig), (28 bytes).
    Removing stm32f10x_tim.o(i.TIM_EncoderInterfaceConfig), (66 bytes).
    Removing stm32f10x_tim.o(i.TIM_ForcedOC1Config), (18 bytes).
    Removing stm32f10x_tim.o(i.TIM_ForcedOC2Config), (26 bytes).
    Removing stm32f10x_tim.o(i.TIM_ForcedOC3Config), (18 bytes).
    Removing stm32f10x_tim.o(i.TIM_ForcedOC4Config), (26 bytes).
    Removing stm32f10x_tim.o(i.TIM_GenerateEvent), (4 bytes).
    Removing stm32f10x_tim.o(i.TIM_GetCapture1), (6 bytes).
    Removing stm32f10x_tim.o(i.TIM_GetCapture2), (6 bytes).
    Removing stm32f10x_tim.o(i.TIM_GetCapture3), (6 bytes).
    Removing stm32f10x_tim.o(i.TIM_GetCapture4), (8 bytes).
    Removing stm32f10x_tim.o(i.TIM_GetCounter), (6 bytes).
    Removing stm32f10x_tim.o(i.TIM_GetFlagStatus), (18 bytes).
    Removing stm32f10x_tim.o(i.TIM_GetPrescaler), (6 bytes).
    Removing stm32f10x_tim.o(i.TIM_ICInit), (172 bytes).
    Removing stm32f10x_tim.o(i.TIM_ICStructInit), (18 bytes).
    Removing stm32f10x_tim.o(i.TIM_ITRxExternalClockConfig), (24 bytes).
    Removing stm32f10x_tim.o(i.TIM_OC1FastConfig), (18 bytes).
    Removing stm32f10x_tim.o(i.TIM_OC1Init), (152 bytes).
    Removing stm32f10x_tim.o(i.TIM_OC1NPolarityConfig), (18 bytes).
    Removing stm32f10x_tim.o(i.TIM_OC1PolarityConfig), (18 bytes).
    Removing stm32f10x_tim.o(i.TIM_OC1PreloadConfig), (18 bytes).
    Removing stm32f10x_tim.o(i.TIM_OC2FastConfig), (26 bytes).
    Removing stm32f10x_tim.o(i.TIM_OC2Init), (164 bytes).
    Removing stm32f10x_tim.o(i.TIM_OC2NPolarityConfig), (26 bytes).
    Removing stm32f10x_tim.o(i.TIM_OC2PolarityConfig), (26 bytes).
    Removing stm32f10x_tim.o(i.TIM_OC2PreloadConfig), (26 bytes).
    Removing stm32f10x_tim.o(i.TIM_OC3FastConfig), (18 bytes).
    Removing stm32f10x_tim.o(i.TIM_OC3Init), (160 bytes).
    Removing stm32f10x_tim.o(i.TIM_OC3NPolarityConfig), (26 bytes).
    Removing stm32f10x_tim.o(i.TIM_OC3PolarityConfig), (26 bytes).
    Removing stm32f10x_tim.o(i.TIM_OC3PreloadConfig), (18 bytes).
    Removing stm32f10x_tim.o(i.TIM_OC4FastConfig), (26 bytes).
    Removing stm32f10x_tim.o(i.TIM_OC4Init), (124 bytes).
    Removing stm32f10x_tim.o(i.TIM_OC4PolarityConfig), (26 bytes).
    Removing stm32f10x_tim.o(i.TIM_OC4PreloadConfig), (26 bytes).
    Removing stm32f10x_tim.o(i.TIM_OCStructInit), (20 bytes).
    Removing stm32f10x_tim.o(i.TIM_PWMIConfig), (124 bytes).
    Removing stm32f10x_tim.o(i.TIM_PrescalerConfig), (6 bytes).
    Removing stm32f10x_tim.o(i.TIM_SelectCCDMA), (24 bytes).
    Removing stm32f10x_tim.o(i.TIM_SelectCOM), (24 bytes).
    Removing stm32f10x_tim.o(i.TIM_SelectHallSensor), (24 bytes).
    Removing stm32f10x_tim.o(i.TIM_SelectInputTrigger), (18 bytes).
    Removing stm32f10x_tim.o(i.TIM_SelectMasterSlaveMode), (18 bytes).
    Removing stm32f10x_tim.o(i.TIM_SelectOCxM), (82 bytes).
    Removing stm32f10x_tim.o(i.TIM_SelectOnePulseMode), (18 bytes).
    Removing stm32f10x_tim.o(i.TIM_SelectOutputTrigger), (18 bytes).
    Removing stm32f10x_tim.o(i.TIM_SelectSlaveMode), (18 bytes).
    Removing stm32f10x_tim.o(i.TIM_SetAutoreload), (4 bytes).
    Removing stm32f10x_tim.o(i.TIM_SetClockDivision), (18 bytes).
    Removing stm32f10x_tim.o(i.TIM_SetCompare1), (4 bytes).
    Removing stm32f10x_tim.o(i.TIM_SetCompare2), (4 bytes).
    Removing stm32f10x_tim.o(i.TIM_SetCompare3), (4 bytes).
    Removing stm32f10x_tim.o(i.TIM_SetCompare4), (6 bytes).
    Removing stm32f10x_tim.o(i.TIM_SetCounter), (4 bytes).
    Removing stm32f10x_tim.o(i.TIM_SetIC1Prescaler), (18 bytes).
    Removing stm32f10x_tim.o(i.TIM_SetIC2Prescaler), (26 bytes).
    Removing stm32f10x_tim.o(i.TIM_SetIC3Prescaler), (18 bytes).
    Removing stm32f10x_tim.o(i.TIM_SetIC4Prescaler), (26 bytes).
    Removing stm32f10x_tim.o(i.TIM_TIxExternalClockConfig), (62 bytes).
    Removing stm32f10x_tim.o(i.TIM_TimeBaseStructInit), (18 bytes).
    Removing stm32f10x_tim.o(i.TIM_UpdateDisableConfig), (24 bytes).
    Removing stm32f10x_tim.o(i.TIM_UpdateRequestConfig), (24 bytes).
    Removing stm32f10x_usart.o(i.USART_ClearFlag), (18 bytes).
    Removing stm32f10x_usart.o(i.USART_ClockInit), (34 bytes).
    Removing stm32f10x_usart.o(i.USART_ClockStructInit), (12 bytes).
    Removing stm32f10x_usart.o(i.USART_DMACmd), (18 bytes).
    Removing stm32f10x_usart.o(i.USART_DeInit), (156 bytes).
    Removing stm32f10x_usart.o(i.USART_HalfDuplexCmd), (24 bytes).
    Removing stm32f10x_usart.o(i.USART_IrDACmd), (24 bytes).
    Removing stm32f10x_usart.o(i.USART_IrDAConfig), (18 bytes).
    Removing stm32f10x_usart.o(i.USART_LINBreakDetectLengthConfig), (18 bytes).
    Removing stm32f10x_usart.o(i.USART_LINCmd), (24 bytes).
    Removing stm32f10x_usart.o(i.USART_OneBitMethodCmd), (24 bytes).
    Removing stm32f10x_usart.o(i.USART_OverSampling8Cmd), (22 bytes).
    Removing stm32f10x_usart.o(i.USART_ReceiverWakeUpCmd), (24 bytes).
    Removing stm32f10x_usart.o(i.USART_SendBreak), (10 bytes).
    Removing stm32f10x_usart.o(i.USART_SetAddress), (18 bytes).
    Removing stm32f10x_usart.o(i.USART_SetGuardTime), (16 bytes).
    Removing stm32f10x_usart.o(i.USART_SetPrescaler), (16 bytes).
    Removing stm32f10x_usart.o(i.USART_SmartCardCmd), (24 bytes).
    Removing stm32f10x_usart.o(i.USART_SmartCardNACKCmd), (24 bytes).
    Removing stm32f10x_usart.o(i.USART_StructInit), (24 bytes).
    Removing stm32f10x_usart.o(i.USART_WakeUpConfig), (18 bytes).
    Removing stm32f10x_wwdg.o(i.WWDG_ClearFlag), (12 bytes).
    Removing stm32f10x_wwdg.o(i.WWDG_DeInit), (22 bytes).
    Removing stm32f10x_wwdg.o(i.WWDG_Enable), (16 bytes).
    Removing stm32f10x_wwdg.o(i.WWDG_EnableIT), (12 bytes).
    Removing stm32f10x_wwdg.o(i.WWDG_GetFlagStatus), (12 bytes).
    Removing stm32f10x_wwdg.o(i.WWDG_SetCounter), (16 bytes).
    Removing stm32f10x_wwdg.o(i.WWDG_SetPrescaler), (24 bytes).
    Removing stm32f10x_wwdg.o(i.WWDG_SetWindowValue), (40 bytes).
    Removing delay.o(i.Delay_s), (24 bytes).
    Removing usart.o(i.Usart3_SendArray), (26 bytes).
    Removing usart.o(i.Usart3_SendNumber), (58 bytes).
    Removing usart.o(i.Usart3_SendString), (26 bytes).
    Removing usart.o(i.Usart_Pow), (20 bytes).
    Removing usart.o(i.Usart_Printf), (36 bytes).
    Removing usart.o(i.fputc), (16 bytes).
    Removing rtc.o(i.RTC_Alarm_Set), (200 bytes).
    Removing oled.o(i.OLED_DrawCircle), (168 bytes).
    Removing oled.o(i.OLED_DrawLine), (172 bytes).
    Removing oled.o(i.OLED_ScrollDisplay), (172 bytes).
    Removing clock.o(i.Clock_Init), (60 bytes).
    Removing dadd.o(.text), (334 bytes).
    Removing dmul.o(.text), (228 bytes).
    Removing ddiv.o(.text), (222 bytes).
    Removing dfixul.o(.text), (48 bytes).
    Removing cdrcmple.o(.text), (48 bytes).
    Removing depilogue.o(.text), (186 bytes).

447 unused section(s) (total 19930 bytes) removed from the image.

==============================================================================

Image Symbol Table

    Local Symbols

    Symbol Name                              Value     Ov Type        Size  Object(Section)

    ../clib/../cmprslib/zerorunl2.c          0x00000000   Number         0  __dczerorl2.o ABSOLUTE
    ../clib/microlib/division.c              0x00000000   Number         0  uidiv.o ABSOLUTE
    ../clib/microlib/division.c              0x00000000   Number         0  uldiv.o ABSOLUTE
    ../clib/microlib/init/entry.s            0x00000000   Number         0  entry11a.o ABSOLUTE
    ../clib/microlib/init/entry.s            0x00000000   Number         0  entry.o ABSOLUTE
    ../clib/microlib/init/entry.s            0x00000000   Number         0  entry8a.o ABSOLUTE
    ../clib/microlib/init/entry.s            0x00000000   Number         0  entry10b.o ABSOLUTE
    ../clib/microlib/init/entry.s            0x00000000   Number         0  entry8b.o ABSOLUTE
    ../clib/microlib/init/entry.s            0x00000000   Number         0  entry9a.o ABSOLUTE
    ../clib/microlib/init/entry.s            0x00000000   Number         0  entry7a.o ABSOLUTE
    ../clib/microlib/init/entry.s            0x00000000   Number         0  entry10a.o ABSOLUTE
    ../clib/microlib/init/entry.s            0x00000000   Number         0  entry9b.o ABSOLUTE
    ../clib/microlib/init/entry.s            0x00000000   Number         0  entry11b.o ABSOLUTE
    ../clib/microlib/init/entry.s            0x00000000   Number         0  entry7b.o ABSOLUTE
    ../clib/microlib/init/entry.s            0x00000000   Number         0  entry2.o ABSOLUTE
    ../clib/microlib/init/entry.s            0x00000000   Number         0  entry5.o ABSOLUTE
    ../clib/microlib/longlong.c              0x00000000   Number         0  llshl.o ABSOLUTE
    ../clib/microlib/longlong.c              0x00000000   Number         0  llushr.o ABSOLUTE
    ../clib/microlib/longlong.c              0x00000000   Number         0  llsshr.o ABSOLUTE
    ../clib/microlib/printf/printf.c         0x00000000   Number         0  printfa.o ABSOLUTE
    ../clib/microlib/stdio/streams.c         0x00000000   Number         0  stdout.o ABSOLUTE
    ../clib/microlib/stubs.s                 0x00000000   Number         0  iusefp.o ABSOLUTE
    ../fplib/microlib/fpadd.c                0x00000000   Number         0  dadd.o ABSOLUTE
    ../fplib/microlib/fpdiv.c                0x00000000   Number         0  ddiv.o ABSOLUTE
    ../fplib/microlib/fpepilogue.c           0x00000000   Number         0  depilogue.o ABSOLUTE
    ../fplib/microlib/fpfix.c                0x00000000   Number         0  dfixul.o ABSOLUTE
    ../fplib/microlib/fpmul.c                0x00000000   Number         0  dmul.o ABSOLUTE
    Hardware\DHT11\dht11.c                   0x00000000   Number         0  dht11.o ABSOLUTE
    Hardware\Key\Key16.c                     0x00000000   Number         0  key16.o ABSOLUTE
    Hardware\OLED\oled.c                     0x00000000   Number         0  oled.o ABSOLUTE
    Hardware\rtc\rtc.c                       0x00000000   Number         0  rtc.o ABSOLUTE
    Library\misc.c                           0x00000000   Number         0  misc.o ABSOLUTE
    Library\stm32f10x_adc.c                  0x00000000   Number         0  stm32f10x_adc.o ABSOLUTE
    Library\stm32f10x_bkp.c                  0x00000000   Number         0  stm32f10x_bkp.o ABSOLUTE
    Library\stm32f10x_can.c                  0x00000000   Number         0  stm32f10x_can.o ABSOLUTE
    Library\stm32f10x_cec.c                  0x00000000   Number         0  stm32f10x_cec.o ABSOLUTE
    Library\stm32f10x_crc.c                  0x00000000   Number         0  stm32f10x_crc.o ABSOLUTE
    Library\stm32f10x_dac.c                  0x00000000   Number         0  stm32f10x_dac.o ABSOLUTE
    Library\stm32f10x_dbgmcu.c               0x00000000   Number         0  stm32f10x_dbgmcu.o ABSOLUTE
    Library\stm32f10x_dma.c                  0x00000000   Number         0  stm32f10x_dma.o ABSOLUTE
    Library\stm32f10x_exti.c                 0x00000000   Number         0  stm32f10x_exti.o ABSOLUTE
    Library\stm32f10x_flash.c                0x00000000   Number         0  stm32f10x_flash.o ABSOLUTE
    Library\stm32f10x_fsmc.c                 0x00000000   Number         0  stm32f10x_fsmc.o ABSOLUTE
    Library\stm32f10x_gpio.c                 0x00000000   Number         0  stm32f10x_gpio.o ABSOLUTE
    Library\stm32f10x_i2c.c                  0x00000000   Number         0  stm32f10x_i2c.o ABSOLUTE
    Library\stm32f10x_iwdg.c                 0x00000000   Number         0  stm32f10x_iwdg.o ABSOLUTE
    Library\stm32f10x_pwr.c                  0x00000000   Number         0  stm32f10x_pwr.o ABSOLUTE
    Library\stm32f10x_rcc.c                  0x00000000   Number         0  stm32f10x_rcc.o ABSOLUTE
    Library\stm32f10x_rtc.c                  0x00000000   Number         0  stm32f10x_rtc.o ABSOLUTE
    Library\stm32f10x_sdio.c                 0x00000000   Number         0  stm32f10x_sdio.o ABSOLUTE
    Library\stm32f10x_spi.c                  0x00000000   Number         0  stm32f10x_spi.o ABSOLUTE
    Library\stm32f10x_tim.c                  0x00000000   Number         0  stm32f10x_tim.o ABSOLUTE
    Library\stm32f10x_usart.c                0x00000000   Number         0  stm32f10x_usart.o ABSOLUTE
    Library\stm32f10x_wwdg.c                 0x00000000   Number         0  stm32f10x_wwdg.o ABSOLUTE
    Software\Clock.c                         0x00000000   Number         0  clock.o ABSOLUTE
    Start\\core_cm3.c                        0x00000000   Number         0  core_cm3.o ABSOLUTE
    Start\core_cm3.c                         0x00000000   Number         0  core_cm3.o ABSOLUTE
    Start\startup_stm32f10x_md.s             0x00000000   Number         0  startup_stm32f10x_md.o ABSOLUTE
    Start\system_stm32f10x.c                 0x00000000   Number         0  system_stm32f10x.o ABSOLUTE
    System\Delay\Delay.c                     0x00000000   Number         0  delay.o ABSOLUTE
    System\Timer\Timer.c                     0x00000000   Number         0  timer.o ABSOLUTE
    System\Usart\Usart.c                     0x00000000   Number         0  usart.o ABSOLUTE
    System\sys\sys.c                         0x00000000   Number         0  sys.o ABSOLUTE
    User\main.c                              0x00000000   Number         0  main.o ABSOLUTE
    User\stm32f10x_it.c                      0x00000000   Number         0  stm32f10x_it.o ABSOLUTE
    cdrcmple.s                               0x00000000   Number         0  cdrcmple.o ABSOLUTE
    dc.s                                     0x00000000   Number         0  dc.o ABSOLUTE
    handlers.s                               0x00000000   Number         0  handlers.o ABSOLUTE
    init.s                                   0x00000000   Number         0  init.o ABSOLUTE
    RESET                                    0x08000000   Section      236  startup_stm32f10x_md.o(RESET)
    .ARM.Collect$$$$00000000                 0x080000ec   Section        0  entry.o(.ARM.Collect$$$$00000000)
    .ARM.Collect$$$$00000001                 0x080000ec   Section        4  entry2.o(.ARM.Collect$$$$00000001)
    .ARM.Collect$$$$00000004                 0x080000f0   Section        4  entry5.o(.ARM.Collect$$$$00000004)
    .ARM.Collect$$$$00000008                 0x080000f4   Section        0  entry7b.o(.ARM.Collect$$$$00000008)
    .ARM.Collect$$$$0000000A                 0x080000f4   Section        0  entry8b.o(.ARM.Collect$$$$0000000A)
    .ARM.Collect$$$$0000000B                 0x080000f4   Section        8  entry9a.o(.ARM.Collect$$$$0000000B)
    .ARM.Collect$$$$0000000D                 0x080000fc   Section        0  entry10a.o(.ARM.Collect$$$$0000000D)
    .ARM.Collect$$$$0000000F                 0x080000fc   Section        0  entry11a.o(.ARM.Collect$$$$0000000F)
    .ARM.Collect$$$$00002712                 0x080000fc   Section        4  entry2.o(.ARM.Collect$$$$00002712)
    __lit__00000000                          0x080000fc   Data           4  entry2.o(.ARM.Collect$$$$00002712)
    .text                                    0x08000100   Section       36  startup_stm32f10x_md.o(.text)
    .text                                    0x08000124   Section       36  init.o(.text)
    .text                                    0x08000148   Section        0  __dczerorl2.o(.text)
    i.Alarm_GetTime                          0x080001a0   Section        0  timer.o(i.Alarm_GetTime)
    i.Alarm_Set                              0x0800024c   Section        0  timer.o(i.Alarm_Set)
    i.BKP_DeInit                             0x080002d4   Section        0  stm32f10x_bkp.o(i.BKP_DeInit)
    i.BKP_ReadBackupRegister                 0x080002e4   Section        0  stm32f10x_bkp.o(i.BKP_ReadBackupRegister)
    i.BKP_WriteBackupRegister                0x08000300   Section        0  stm32f10x_bkp.o(i.BKP_WriteBackupRegister)
    i.BusFault_Handler                       0x0800031c   Section        0  stm32f10x_it.o(i.BusFault_Handler)
    i.ClockInput                             0x08000320   Section        0  clock.o(i.ClockInput)
    i.ClockResponse                          0x080004ec   Section        0  clock.o(i.ClockResponse)
    i.DHT_GPIO_Init                          0x080005c0   Section        0  dht11.o(i.DHT_GPIO_Init)
    i.DHT_Get_Byte_Data                      0x080005f8   Section        0  dht11.o(i.DHT_Get_Byte_Data)
    i.DHT_Get_Temp_Humi_Data                 0x0800064c   Section        0  dht11.o(i.DHT_Get_Temp_Humi_Data)
    i.DHT_Start                              0x08000690   Section        0  dht11.o(i.DHT_Start)
    i.DebugMon_Handler                       0x080006f8   Section        0  stm32f10x_it.o(i.DebugMon_Handler)
    i.Delay_ms                               0x080006fa   Section        0  delay.o(i.Delay_ms)
    i.Delay_us                               0x08000712   Section        0  delay.o(i.Delay_us)
    i.EXTI2_IRQHandler                       0x08000740   Section        0  clock.o(i.EXTI2_IRQHandler)
    i.EXTI_ClearFlag                         0x08000758   Section        0  stm32f10x_exti.o(i.EXTI_ClearFlag)
    i.EXTI_ClearITPendingBit                 0x08000764   Section        0  stm32f10x_exti.o(i.EXTI_ClearITPendingBit)
    i.EXTI_GetITStatus                       0x08000770   Section        0  stm32f10x_exti.o(i.EXTI_GetITStatus)
    i.GPIO_Init                              0x08000798   Section        0  stm32f10x_gpio.o(i.GPIO_Init)
    i.GPIO_ReadInputDataBit                  0x080008ae   Section        0  stm32f10x_gpio.o(i.GPIO_ReadInputDataBit)
    i.GPIO_ResetBits                         0x080008c0   Section        0  stm32f10x_gpio.o(i.GPIO_ResetBits)
    i.GPIO_SetBits                           0x080008c4   Section        0  stm32f10x_gpio.o(i.GPIO_SetBits)
    i.GPIO_WriteBit                          0x080008c8   Section        0  stm32f10x_gpio.o(i.GPIO_WriteBit)
    i.HardFault_Handler                      0x080008d2   Section        0  stm32f10x_it.o(i.HardFault_Handler)
    i.I2C_Start                              0x080008d8   Section        0  oled.o(i.I2C_Start)
    i.I2C_Stop                               0x08000914   Section        0  oled.o(i.I2C_Stop)
    i.I2C_WaitAck                            0x08000940   Section        0  oled.o(i.I2C_WaitAck)
    i.IIC_delay                              0x08000974   Section        0  oled.o(i.IIC_delay)
    i.Is_Leap_Year                           0x08000984   Section        0  rtc.o(i.Is_Leap_Year)
    i.KEY_GET                                0x080009be   Section        0  key16.o(i.KEY_GET)
    i.KEY_ROW_SCAN                           0x08000a14   Section        0  key16.o(i.KEY_ROW_SCAN)
    i.KEY_SCAN                               0x08000ab4   Section        0  key16.o(i.KEY_SCAN)
    i.MemManage_Handler                      0x08000b80   Section        0  stm32f10x_it.o(i.MemManage_Handler)
    i.Menu                                   0x08000b84   Section        0  main.o(i.Menu)
    i.Menu1                                  0x080012c0   Section        0  main.o(i.Menu1)
    i.Menu2                                  0x080012f0   Section        0  main.o(i.Menu2)
    i.Menu3                                  0x08001574   Section        0  main.o(i.Menu3)
    i.Menu4                                  0x08001674   Section        0  main.o(i.Menu4)
    i.Menu5                                  0x080017f0   Section        0  main.o(i.Menu5)
    i.Menu6                                  0x08001844   Section        0  main.o(i.Menu6)
    i.NMI_Handler                            0x08001bc8   Section        0  stm32f10x_it.o(i.NMI_Handler)
    i.NVIC_Init                              0x08001bcc   Section        0  misc.o(i.NVIC_Init)
    i.NVIC_PriorityGroupConfig               0x08001c3c   Section        0  misc.o(i.NVIC_PriorityGroupConfig)
    i.OLED_Clear                             0x08001c50   Section        0  oled.o(i.OLED_Clear)
    i.OLED_ColorTurn                         0x08001c80   Section        0  oled.o(i.OLED_ColorTurn)
    i.OLED_DisPlay_Off                       0x08001c9c   Section        0  oled.o(i.OLED_DisPlay_Off)
    i.OLED_DisPlay_On                        0x08001cb8   Section        0  oled.o(i.OLED_DisPlay_On)
    i.OLED_DisplayTurn                       0x08001cd4   Section        0  oled.o(i.OLED_DisplayTurn)
    i.OLED_DrawPoint                         0x08001d00   Section        0  oled.o(i.OLED_DrawPoint)
    i.OLED_Init                              0x08001d78   Section        0  oled.o(i.OLED_Init)
    i.OLED_Pow                               0x08001ec0   Section        0  oled.o(i.OLED_Pow)
    i.OLED_Refresh                           0x08001ed8   Section        0  oled.o(i.OLED_Refresh)
    i.OLED_ShowChar                          0x08001f40   Section        0  oled.o(i.OLED_ShowChar)
    i.OLED_ShowChinese                       0x0800207c   Section        0  oled.o(i.OLED_ShowChinese)
    i.OLED_ShowNum                           0x08002180   Section        0  oled.o(i.OLED_ShowNum)
    i.OLED_ShowPicture                       0x0800220c   Section        0  oled.o(i.OLED_ShowPicture)
    i.OLED_ShowString                        0x080022e2   Section        0  oled.o(i.OLED_ShowString)
    i.OLED_WR_Byte                           0x0800232c   Section        0  oled.o(i.OLED_WR_Byte)
    i.PWR_BackupAccessCmd                    0x08002364   Section        0  stm32f10x_pwr.o(i.PWR_BackupAccessCmd)
    i.PendSV_Handler                         0x08002370   Section        0  stm32f10x_it.o(i.PendSV_Handler)
    i.PlayStata                              0x08002374   Section        0  clock.o(i.PlayStata)
    i.QClockInput                            0x080023d4   Section        0  clock.o(i.QClockInput)
    i.QTimeInput                             0x080025b0   Section        0  timer.o(i.QTimeInput)
    i.RCC_APB1PeriphClockCmd                 0x080027a8   Section        0  stm32f10x_rcc.o(i.RCC_APB1PeriphClockCmd)
    i.RCC_APB2PeriphClockCmd                 0x080027c8   Section        0  stm32f10x_rcc.o(i.RCC_APB2PeriphClockCmd)
    i.RCC_BackupResetCmd                     0x080027e8   Section        0  stm32f10x_rcc.o(i.RCC_BackupResetCmd)
    i.RCC_GetClocksFreq                      0x080027f4   Section        0  stm32f10x_rcc.o(i.RCC_GetClocksFreq)
    i.RCC_GetFlagStatus                      0x080028c8   Section        0  stm32f10x_rcc.o(i.RCC_GetFlagStatus)
    i.RCC_LSEConfig                          0x08002904   Section        0  stm32f10x_rcc.o(i.RCC_LSEConfig)
    i.RCC_RTCCLKCmd                          0x08002938   Section        0  stm32f10x_rcc.o(i.RCC_RTCCLKCmd)
    i.RCC_RTCCLKConfig                       0x08002944   Section        0  stm32f10x_rcc.o(i.RCC_RTCCLKConfig)
    i.RTC_ClearITPendingBit                  0x08002954   Section        0  stm32f10x_rtc.o(i.RTC_ClearITPendingBit)
    i.RTC_EnterConfigMode                    0x08002964   Section        0  stm32f10x_rtc.o(i.RTC_EnterConfigMode)
    i.RTC_ExitConfigMode                     0x08002978   Section        0  stm32f10x_rtc.o(i.RTC_ExitConfigMode)
    i.RTC_Get                                0x0800298c   Section        0  rtc.o(i.RTC_Get)
    i.RTC_GetCounter                         0x08002aac   Section        0  stm32f10x_rtc.o(i.RTC_GetCounter)
    i.RTC_GetITStatus                        0x08002ac0   Section        0  stm32f10x_rtc.o(i.RTC_GetITStatus)
    i.RTC_Get_Week                           0x08002ae4   Section        0  rtc.o(i.RTC_Get_Week)
    i.RTC_IRQHandler                         0x08002b5c   Section        0  rtc.o(i.RTC_IRQHandler)
    i.RTC_ITConfig                           0x08002b7c   Section        0  stm32f10x_rtc.o(i.RTC_ITConfig)
    i.RTC_Init                               0x08002b9c   Section        0  rtc.o(i.RTC_Init)
    i.RTC_NVIC_Config                        0x08002c46   Section        0  rtc.o(i.RTC_NVIC_Config)
    RTC_NVIC_Config                          0x08002c47   Thumb Code    32  rtc.o(i.RTC_NVIC_Config)
    i.RTC_Set                                0x08002c68   Section        0  rtc.o(i.RTC_Set)
    i.RTC_SetCounter                         0x08002d30   Section        0  stm32f10x_rtc.o(i.RTC_SetCounter)
    i.RTC_SetPrescaler                       0x08002d4c   Section        0  stm32f10x_rtc.o(i.RTC_SetPrescaler)
    i.RTC_WaitForLastTask                    0x08002d6c   Section        0  stm32f10x_rtc.o(i.RTC_WaitForLastTask)
    i.RTC_WaitForSynchro                     0x08002d80   Section        0  stm32f10x_rtc.o(i.RTC_WaitForSynchro)
    i.SClockInput                            0x08002da4   Section        0  clock.o(i.SClockInput)
    i.SVC_Handler                            0x08002dd4   Section        0  stm32f10x_it.o(i.SVC_Handler)
    i.Send_Byte                              0x08002dd8   Section        0  oled.o(i.Send_Byte)
    i.SetSysClock                            0x08002e2c   Section        0  system_stm32f10x.o(i.SetSysClock)
    SetSysClock                              0x08002e2d   Thumb Code     8  system_stm32f10x.o(i.SetSysClock)
    i.SetSysClockTo72                        0x08002e34   Section        0  system_stm32f10x.o(i.SetSysClockTo72)
    SetSysClockTo72                          0x08002e35   Thumb Code   214  system_stm32f10x.o(i.SetSysClockTo72)
    i.SleepTime                              0x08002f14   Section        0  clock.o(i.SleepTime)
    i.SysTick_Handler                        0x08002f6c   Section        0  stm32f10x_it.o(i.SysTick_Handler)
    i.SystemInit                             0x08002f70   Section        0  system_stm32f10x.o(i.SystemInit)
    i.TIM2_IRQHandler                        0x08002fd0   Section        0  timer.o(i.TIM2_IRQHandler)
    i.TIM3_IRQHandler                        0x08003010   Section        0  timer.o(i.TIM3_IRQHandler)
    i.TIM_ClearFlag                          0x0800303c   Section        0  stm32f10x_tim.o(i.TIM_ClearFlag)
    i.TIM_ClearITPendingBit                  0x08003042   Section        0  stm32f10x_tim.o(i.TIM_ClearITPendingBit)
    i.TIM_Cmd                                0x08003048   Section        0  stm32f10x_tim.o(i.TIM_Cmd)
    i.TIM_GetITStatus                        0x08003060   Section        0  stm32f10x_tim.o(i.TIM_GetITStatus)
    i.TIM_ITConfig                           0x08003082   Section        0  stm32f10x_tim.o(i.TIM_ITConfig)
    i.TIM_InternalClockConfig                0x08003094   Section        0  stm32f10x_tim.o(i.TIM_InternalClockConfig)
    i.TIM_TimeBaseInit                       0x080030a0   Section        0  stm32f10x_tim.o(i.TIM_TimeBaseInit)
    i.TimeInput                              0x08003144   Section        0  timer.o(i.TimeInput)
    i.Timer_Init                             0x08003328   Section        0  timer.o(i.Timer_Init)
    i.USART1_IRQHandler                      0x08003400   Section        0  usart.o(i.USART1_IRQHandler)
    i.USART3_IRQHandler                      0x08003438   Section        0  usart.o(i.USART3_IRQHandler)
    i.USART_ClearITPendingBit                0x08003470   Section        0  stm32f10x_usart.o(i.USART_ClearITPendingBit)
    i.USART_Cmd                              0x0800348e   Section        0  stm32f10x_usart.o(i.USART_Cmd)
    i.USART_GetFlagStatus                    0x080034a6   Section        0  stm32f10x_usart.o(i.USART_GetFlagStatus)
    i.USART_GetITStatus                      0x080034c0   Section        0  stm32f10x_usart.o(i.USART_GetITStatus)
    i.USART_ITConfig                         0x08003514   Section        0  stm32f10x_usart.o(i.USART_ITConfig)
    i.USART_Init                             0x08003560   Section        0  stm32f10x_usart.o(i.USART_Init)
    i.USART_MUSIC                            0x08003638   Section        0  usart.o(i.USART_MUSIC)
    i.USART_ReceiveData                      0x08003670   Section        0  stm32f10x_usart.o(i.USART_ReceiveData)
    i.USART_SendData                         0x0800367a   Section        0  stm32f10x_usart.o(i.USART_SendData)
    i.USART_VOL                              0x08003682   Section        0  usart.o(i.USART_VOL)
    i.UsageFault_Handler                     0x080036b6   Section        0  stm32f10x_it.o(i.UsageFault_Handler)
    i.Usart1_GetRxData                       0x080036bc   Section        0  usart.o(i.Usart1_GetRxData)
    i.Usart1_GetRxFlag                       0x080036c8   Section        0  usart.o(i.Usart1_GetRxFlag)
    i.Usart1_SendArray                       0x080036e4   Section        0  usart.o(i.Usart1_SendArray)
    i.Usart1_SendByte                        0x08003700   Section        0  usart.o(i.Usart1_SendByte)
    i.Usart3_GetRxData                       0x08003720   Section        0  usart.o(i.Usart3_GetRxData)
    i.Usart3_GetRxFlag                       0x0800372c   Section        0  usart.o(i.Usart3_GetRxFlag)
    i.Usart3_SendByte                        0x08003748   Section        0  usart.o(i.Usart3_SendByte)
    i.Usart_Init                             0x08003768   Section        0  usart.o(i.Usart_Init)
    i.__scatterload_copy                     0x080038c4   Section       14  handlers.o(i.__scatterload_copy)
    i.__scatterload_null                     0x080038d2   Section        2  handlers.o(i.__scatterload_null)
    i.__scatterload_zeroinit                 0x080038d4   Section       14  handlers.o(i.__scatterload_zeroinit)
    i.delay_ms                               0x080038e2   Section        0  clock.o(i.delay_ms)
    i.key16_init                             0x0800392c   Section        0  key16.o(i.key16_init)
    i.main                                   0x080039a4   Section        0  main.o(i.main)
    i.transflag                              0x08004048   Section        0  main.o(i.transflag)
    .constdata                               0x08004054   Section       24  rtc.o(.constdata)
    .constdata                               0x0800406c   Section     9168  oled.o(.constdata)
    .data                                    0x20000000   Section       20  stm32f10x_rcc.o(.data)
    APBAHBPrescTable                         0x20000000   Data          16  stm32f10x_rcc.o(.data)
    ADCPrescTable                            0x20000010   Data           4  stm32f10x_rcc.o(.data)
    .data                                    0x20000014   Section       17  timer.o(.data)
    .data                                    0x20000025   Section        4  usart.o(.data)
    .data                                    0x2000002a   Section       10  rtc.o(.data)
    daycnt                                   0x20000032   Data           2  rtc.o(.data)
    .data                                    0x20000034   Section        1  key16.o(.data)
    .data                                    0x20000035   Section     1542  clock.o(.data)
    .data                                    0x2000063c   Section       37  main.o(.data)
    .bss                                     0x20000664   Section       40  timer.o(.bss)
    .bss                                     0x2000068c   Section     1152  oled.o(.bss)
    .bss                                     0x20000b0c   Section      136  clock.o(.bss)
    .bss                                     0x20000b94   Section       30  main.o(.bss)
    STACK                                    0x20000bb8   Section     1024  startup_stm32f10x_md.o(STACK)

    Global Symbols

    Symbol Name                              Value     Ov Type        Size  Object(Section)

    BuildAttributes$$THM_ISAv4$P$D$K$B$S$PE$A:L22UL41UL21$X:L11$S22US41US21$IEEE1$IW$USESV6$~STKCKD$USESV7$~SHL$OSPACE$ROPI$EBA8$MICROLIB$REQ8$PRES8$EABIv2 0x00000000   Number         0  anon$$obj.o ABSOLUTE
    __ARM_use_no_argv                        0x00000000   Number         0  main.o ABSOLUTE
    __cpp_initialize__aeabi_                  - Undefined Weak Reference
    __cxa_finalize                            - Undefined Weak Reference
    _clock_init                               - Undefined Weak Reference
    _microlib_exit                            - Undefined Weak Reference
    __Vectors_Size                           0x000000ec   Number         0  startup_stm32f10x_md.o ABSOLUTE
    __Vectors                                0x08000000   Data           4  startup_stm32f10x_md.o(RESET)
    __Vectors_End                            0x080000ec   Data           0  startup_stm32f10x_md.o(RESET)
    __main                                   0x080000ed   Thumb Code     0  entry.o(.ARM.Collect$$$$00000000)
    _main_stk                                0x080000ed   Thumb Code     0  entry2.o(.ARM.Collect$$$$00000001)
    _main_scatterload                        0x080000f1   Thumb Code     0  entry5.o(.ARM.Collect$$$$00000004)
    __main_after_scatterload                 0x080000f5   Thumb Code     0  entry5.o(.ARM.Collect$$$$00000004)
    _main_clock                              0x080000f5   Thumb Code     0  entry7b.o(.ARM.Collect$$$$00000008)
    _main_cpp_init                           0x080000f5   Thumb Code     0  entry8b.o(.ARM.Collect$$$$0000000A)
    _main_init                               0x080000f5   Thumb Code     0  entry9a.o(.ARM.Collect$$$$0000000B)
    __rt_final_cpp                           0x080000fd   Thumb Code     0  entry10a.o(.ARM.Collect$$$$0000000D)
    __rt_final_exit                          0x080000fd   Thumb Code     0  entry11a.o(.ARM.Collect$$$$0000000F)
    Reset_Handler                            0x08000101   Thumb Code     8  startup_stm32f10x_md.o(.text)
    ADC1_2_IRQHandler                        0x0800011b   Thumb Code     0  startup_stm32f10x_md.o(.text)
    CAN1_RX1_IRQHandler                      0x0800011b   Thumb Code     0  startup_stm32f10x_md.o(.text)
    CAN1_SCE_IRQHandler                      0x0800011b   Thumb Code     0  startup_stm32f10x_md.o(.text)
    DMA1_Channel1_IRQHandler                 0x0800011b   Thumb Code     0  startup_stm32f10x_md.o(.text)
    DMA1_Channel2_IRQHandler                 0x0800011b   Thumb Code     0  startup_stm32f10x_md.o(.text)
    DMA1_Channel3_IRQHandler                 0x0800011b   Thumb Code     0  startup_stm32f10x_md.o(.text)
    DMA1_Channel4_IRQHandler                 0x0800011b   Thumb Code     0  startup_stm32f10x_md.o(.text)
    DMA1_Channel5_IRQHandler                 0x0800011b   Thumb Code     0  startup_stm32f10x_md.o(.text)
    DMA1_Channel6_IRQHandler                 0x0800011b   Thumb Code     0  startup_stm32f10x_md.o(.text)
    DMA1_Channel7_IRQHandler                 0x0800011b   Thumb Code     0  startup_stm32f10x_md.o(.text)
    EXTI0_IRQHandler                         0x0800011b   Thumb Code     0  startup_stm32f10x_md.o(.text)
    EXTI15_10_IRQHandler                     0x0800011b   Thumb Code     0  startup_stm32f10x_md.o(.text)
    EXTI1_IRQHandler                         0x0800011b   Thumb Code     0  startup_stm32f10x_md.o(.text)
    EXTI3_IRQHandler                         0x0800011b   Thumb Code     0  startup_stm32f10x_md.o(.text)
    EXTI4_IRQHandler                         0x0800011b   Thumb Code     0  startup_stm32f10x_md.o(.text)
    EXTI9_5_IRQHandler                       0x0800011b   Thumb Code     0  startup_stm32f10x_md.o(.text)
    FLASH_IRQHandler                         0x0800011b   Thumb Code     0  startup_stm32f10x_md.o(.text)
    I2C1_ER_IRQHandler                       0x0800011b   Thumb Code     0  startup_stm32f10x_md.o(.text)
    I2C1_EV_IRQHandler                       0x0800011b   Thumb Code     0  startup_stm32f10x_md.o(.text)
    I2C2_ER_IRQHandler                       0x0800011b   Thumb Code     0  startup_stm32f10x_md.o(.text)
    I2C2_EV_IRQHandler                       0x0800011b   Thumb Code     0  startup_stm32f10x_md.o(.text)
    PVD_IRQHandler                           0x0800011b   Thumb Code     0  startup_stm32f10x_md.o(.text)
    RCC_IRQHandler                           0x0800011b   Thumb Code     0  startup_stm32f10x_md.o(.text)
    RTCAlarm_IRQHandler                      0x0800011b   Thumb Code     0  startup_stm32f10x_md.o(.text)
    SPI1_IRQHandler                          0x0800011b   Thumb Code     0  startup_stm32f10x_md.o(.text)
    SPI2_IRQHandler                          0x0800011b   Thumb Code     0  startup_stm32f10x_md.o(.text)
    TAMPER_IRQHandler                        0x0800011b   Thumb Code     0  startup_stm32f10x_md.o(.text)
    TIM1_BRK_IRQHandler                      0x0800011b   Thumb Code     0  startup_stm32f10x_md.o(.text)
    TIM1_CC_IRQHandler                       0x0800011b   Thumb Code     0  startup_stm32f10x_md.o(.text)
    TIM1_TRG_COM_IRQHandler                  0x0800011b   Thumb Code     0  startup_stm32f10x_md.o(.text)
    TIM1_UP_IRQHandler                       0x0800011b   Thumb Code     0  startup_stm32f10x_md.o(.text)
    TIM4_IRQHandler                          0x0800011b   Thumb Code     0  startup_stm32f10x_md.o(.text)
    USART2_IRQHandler                        0x0800011b   Thumb Code     0  startup_stm32f10x_md.o(.text)
    USBWakeUp_IRQHandler                     0x0800011b   Thumb Code     0  startup_stm32f10x_md.o(.text)
    USB_HP_CAN1_TX_IRQHandler                0x0800011b   Thumb Code     0  startup_stm32f10x_md.o(.text)
    USB_LP_CAN1_RX0_IRQHandler               0x0800011b   Thumb Code     0  startup_stm32f10x_md.o(.text)
    WWDG_IRQHandler                          0x0800011b   Thumb Code     0  startup_stm32f10x_md.o(.text)
    __scatterload                            0x08000125   Thumb Code    28  init.o(.text)
    __scatterload_rt2                        0x08000125   Thumb Code     0  init.o(.text)
    __decompress                             0x08000149   Thumb Code     0  __dczerorl2.o(.text)
    __decompress1                            0x08000149   Thumb Code    86  __dczerorl2.o(.text)
    Alarm_GetTime                            0x080001a1   Thumb Code   156  timer.o(i.Alarm_GetTime)
    Alarm_Set                                0x0800024d   Thumb Code   102  timer.o(i.Alarm_Set)
    BKP_DeInit                               0x080002d5   Thumb Code    16  stm32f10x_bkp.o(i.BKP_DeInit)
    BKP_ReadBackupRegister                   0x080002e5   Thumb Code    24  stm32f10x_bkp.o(i.BKP_ReadBackupRegister)
    BKP_WriteBackupRegister                  0x08000301   Thumb Code    22  stm32f10x_bkp.o(i.BKP_WriteBackupRegister)
    BusFault_Handler                         0x0800031d   Thumb Code     4  stm32f10x_it.o(i.BusFault_Handler)
    ClockInput                               0x08000321   Thumb Code   422  clock.o(i.ClockInput)
    ClockResponse                            0x080004ed   Thumb Code   180  clock.o(i.ClockResponse)
    DHT_GPIO_Init                            0x080005c1   Thumb Code    50  dht11.o(i.DHT_GPIO_Init)
    DHT_Get_Byte_Data                        0x080005f9   Thumb Code    80  dht11.o(i.DHT_Get_Byte_Data)
    DHT_Get_Temp_Humi_Data                   0x0800064d   Thumb Code    68  dht11.o(i.DHT_Get_Temp_Humi_Data)
    DHT_Start                                0x08000691   Thumb Code    98  dht11.o(i.DHT_Start)
    DebugMon_Handler                         0x080006f9   Thumb Code     2  stm32f10x_it.o(i.DebugMon_Handler)
    Delay_ms                                 0x080006fb   Thumb Code    24  delay.o(i.Delay_ms)
    Delay_us                                 0x08000713   Thumb Code    46  delay.o(i.Delay_us)
    EXTI2_IRQHandler                         0x08000741   Thumb Code    24  clock.o(i.EXTI2_IRQHandler)
    EXTI_ClearFlag                           0x08000759   Thumb Code     6  stm32f10x_exti.o(i.EXTI_ClearFlag)
    EXTI_ClearITPendingBit                   0x08000765   Thumb Code     6  stm32f10x_exti.o(i.EXTI_ClearITPendingBit)
    EXTI_GetITStatus                         0x08000771   Thumb Code    34  stm32f10x_exti.o(i.EXTI_GetITStatus)
    GPIO_Init                                0x08000799   Thumb Code   278  stm32f10x_gpio.o(i.GPIO_Init)
    GPIO_ReadInputDataBit                    0x080008af   Thumb Code    18  stm32f10x_gpio.o(i.GPIO_ReadInputDataBit)
    GPIO_ResetBits                           0x080008c1   Thumb Code     4  stm32f10x_gpio.o(i.GPIO_ResetBits)
    GPIO_SetBits                             0x080008c5   Thumb Code     4  stm32f10x_gpio.o(i.GPIO_SetBits)
    GPIO_WriteBit                            0x080008c9   Thumb Code    10  stm32f10x_gpio.o(i.GPIO_WriteBit)
    HardFault_Handler                        0x080008d3   Thumb Code     4  stm32f10x_it.o(i.HardFault_Handler)
    I2C_Start                                0x080008d9   Thumb Code    56  oled.o(i.I2C_Start)
    I2C_Stop                                 0x08000915   Thumb Code    38  oled.o(i.I2C_Stop)
    I2C_WaitAck                              0x08000941   Thumb Code    46  oled.o(i.I2C_WaitAck)
    IIC_delay                                0x08000975   Thumb Code    16  oled.o(i.IIC_delay)
    Is_Leap_Year                             0x08000985   Thumb Code    58  rtc.o(i.Is_Leap_Year)
    KEY_GET                                  0x080009bf   Thumb Code    84  key16.o(i.KEY_GET)
    KEY_ROW_SCAN                             0x08000a15   Thumb Code   148  key16.o(i.KEY_ROW_SCAN)
    KEY_SCAN                                 0x08000ab5   Thumb Code   194  key16.o(i.KEY_SCAN)
    MemManage_Handler                        0x08000b81   Thumb Code     4  stm32f10x_it.o(i.MemManage_Handler)
    Menu                                     0x08000b85   Thumb Code  1830  main.o(i.Menu)
    Menu1                                    0x080012c1   Thumb Code    44  main.o(i.Menu1)
    Menu2                                    0x080012f1   Thumb Code   588  main.o(i.Menu2)
    Menu3                                    0x08001575   Thumb Code   238  main.o(i.Menu3)
    Menu4                                    0x08001675   Thumb Code   346  main.o(i.Menu4)
    Menu5                                    0x080017f1   Thumb Code    46  main.o(i.Menu5)
    Menu6                                    0x08001845   Thumb Code   810  main.o(i.Menu6)
    NMI_Handler                              0x08001bc9   Thumb Code     2  stm32f10x_it.o(i.NMI_Handler)
    NVIC_Init                                0x08001bcd   Thumb Code   100  misc.o(i.NVIC_Init)
    NVIC_PriorityGroupConfig                 0x08001c3d   Thumb Code    10  misc.o(i.NVIC_PriorityGroupConfig)
    OLED_Clear                               0x08001c51   Thumb Code    42  oled.o(i.OLED_Clear)
    OLED_ColorTurn                           0x08001c81   Thumb Code    28  oled.o(i.OLED_ColorTurn)
    OLED_DisPlay_Off                         0x08001c9d   Thumb Code    28  oled.o(i.OLED_DisPlay_Off)
    OLED_DisPlay_On                          0x08001cb9   Thumb Code    28  oled.o(i.OLED_DisPlay_On)
    OLED_DisplayTurn                         0x08001cd5   Thumb Code    44  oled.o(i.OLED_DisplayTurn)
    OLED_DrawPoint                           0x08001d01   Thumb Code   114  oled.o(i.OLED_DrawPoint)
    OLED_Init                                0x08001d79   Thumb Code   318  oled.o(i.OLED_Init)
    OLED_Pow                                 0x08001ec1   Thumb Code    22  oled.o(i.OLED_Pow)
    OLED_Refresh                             0x08001ed9   Thumb Code   100  oled.o(i.OLED_Refresh)
    OLED_ShowChar                            0x08001f41   Thumb Code   300  oled.o(i.OLED_ShowChar)
    OLED_ShowChinese                         0x0800207d   Thumb Code   244  oled.o(i.OLED_ShowChinese)
    OLED_ShowNum                             0x08002181   Thumb Code   140  oled.o(i.OLED_ShowNum)
    OLED_ShowPicture                         0x0800220d   Thumb Code   214  oled.o(i.OLED_ShowPicture)
    OLED_ShowString                          0x080022e3   Thumb Code    74  oled.o(i.OLED_ShowString)
    OLED_WR_Byte                             0x0800232d   Thumb Code    56  oled.o(i.OLED_WR_Byte)
    PWR_BackupAccessCmd                      0x08002365   Thumb Code     6  stm32f10x_pwr.o(i.PWR_BackupAccessCmd)
    PendSV_Handler                           0x08002371   Thumb Code     2  stm32f10x_it.o(i.PendSV_Handler)
    PlayStata                                0x08002375   Thumb Code    92  clock.o(i.PlayStata)
    QClockInput                              0x080023d5   Thumb Code   426  clock.o(i.QClockInput)
    QTimeInput                               0x080025b1   Thumb Code   454  timer.o(i.QTimeInput)
    RCC_APB1PeriphClockCmd                   0x080027a9   Thumb Code    26  stm32f10x_rcc.o(i.RCC_APB1PeriphClockCmd)
    RCC_APB2PeriphClockCmd                   0x080027c9   Thumb Code    26  stm32f10x_rcc.o(i.RCC_APB2PeriphClockCmd)
    RCC_BackupResetCmd                       0x080027e9   Thumb Code     6  stm32f10x_rcc.o(i.RCC_BackupResetCmd)
    RCC_GetClocksFreq                        0x080027f5   Thumb Code   192  stm32f10x_rcc.o(i.RCC_GetClocksFreq)
    RCC_GetFlagStatus                        0x080028c9   Thumb Code    56  stm32f10x_rcc.o(i.RCC_GetFlagStatus)
    RCC_LSEConfig                            0x08002905   Thumb Code    46  stm32f10x_rcc.o(i.RCC_LSEConfig)
    RCC_RTCCLKCmd                            0x08002939   Thumb Code     6  stm32f10x_rcc.o(i.RCC_RTCCLKCmd)
    RCC_RTCCLKConfig                         0x08002945   Thumb Code    12  stm32f10x_rcc.o(i.RCC_RTCCLKConfig)
    RTC_ClearITPendingBit                    0x08002955   Thumb Code    12  stm32f10x_rtc.o(i.RTC_ClearITPendingBit)
    RTC_EnterConfigMode                      0x08002965   Thumb Code    14  stm32f10x_rtc.o(i.RTC_EnterConfigMode)
    RTC_ExitConfigMode                       0x08002979   Thumb Code    16  stm32f10x_rtc.o(i.RTC_ExitConfigMode)
    RTC_Get                                  0x0800298d   Thumb Code   246  rtc.o(i.RTC_Get)
    RTC_GetCounter                           0x08002aad   Thumb Code    16  stm32f10x_rtc.o(i.RTC_GetCounter)
    RTC_GetITStatus                          0x08002ac1   Thumb Code    32  stm32f10x_rtc.o(i.RTC_GetITStatus)
    RTC_Get_Week                             0x08002ae5   Thumb Code   116  rtc.o(i.RTC_Get_Week)
    RTC_IRQHandler                           0x08002b5d   Thumb Code    32  rtc.o(i.RTC_IRQHandler)
    RTC_ITConfig                             0x08002b7d   Thumb Code    26  stm32f10x_rtc.o(i.RTC_ITConfig)
    RTC_Init                                 0x08002b9d   Thumb Code   170  rtc.o(i.RTC_Init)
    RTC_Set                                  0x08002c69   Thumb Code   182  rtc.o(i.RTC_Set)
    RTC_SetCounter                           0x08002d31   Thumb Code    24  stm32f10x_rtc.o(i.RTC_SetCounter)
    RTC_SetPrescaler                         0x08002d4d   Thumb Code    26  stm32f10x_rtc.o(i.RTC_SetPrescaler)
    RTC_WaitForLastTask                      0x08002d6d   Thumb Code    16  stm32f10x_rtc.o(i.RTC_WaitForLastTask)
    RTC_WaitForSynchro                       0x08002d81   Thumb Code    30  stm32f10x_rtc.o(i.RTC_WaitForSynchro)
    SClockInput                              0x08002da5   Thumb Code    44  clock.o(i.SClockInput)
    SVC_Handler                              0x08002dd5   Thumb Code     2  stm32f10x_it.o(i.SVC_Handler)
    Send_Byte                                0x08002dd9   Thumb Code    78  oled.o(i.Send_Byte)
    SleepTime                                0x08002f15   Thumb Code    88  clock.o(i.SleepTime)
    SysTick_Handler                          0x08002f6d   Thumb Code     2  stm32f10x_it.o(i.SysTick_Handler)
    SystemInit                               0x08002f71   Thumb Code    78  system_stm32f10x.o(i.SystemInit)
    TIM2_IRQHandler                          0x08002fd1   Thumb Code    58  timer.o(i.TIM2_IRQHandler)
    TIM3_IRQHandler                          0x08003011   Thumb Code    36  timer.o(i.TIM3_IRQHandler)
    TIM_ClearFlag                            0x0800303d   Thumb Code     6  stm32f10x_tim.o(i.TIM_ClearFlag)
    TIM_ClearITPendingBit                    0x08003043   Thumb Code     6  stm32f10x_tim.o(i.TIM_ClearITPendingBit)
    TIM_Cmd                                  0x08003049   Thumb Code    24  stm32f10x_tim.o(i.TIM_Cmd)
    TIM_GetITStatus                          0x08003061   Thumb Code    34  stm32f10x_tim.o(i.TIM_GetITStatus)
    TIM_ITConfig                             0x08003083   Thumb Code    18  stm32f10x_tim.o(i.TIM_ITConfig)
    TIM_InternalClockConfig                  0x08003095   Thumb Code    12  stm32f10x_tim.o(i.TIM_InternalClockConfig)
    TIM_TimeBaseInit                         0x080030a1   Thumb Code   122  stm32f10x_tim.o(i.TIM_TimeBaseInit)
    TimeInput                                0x08003145   Thumb Code   448  timer.o(i.TimeInput)
    Timer_Init                               0x08003329   Thumb Code   210  timer.o(i.Timer_Init)
    USART1_IRQHandler                        0x08003401   Thumb Code    44  usart.o(i.USART1_IRQHandler)
    USART3_IRQHandler                        0x08003439   Thumb Code    44  usart.o(i.USART3_IRQHandler)
    USART_ClearITPendingBit                  0x08003471   Thumb Code    30  stm32f10x_usart.o(i.USART_ClearITPendingBit)
    USART_Cmd                                0x0800348f   Thumb Code    24  stm32f10x_usart.o(i.USART_Cmd)
    USART_GetFlagStatus                      0x080034a7   Thumb Code    26  stm32f10x_usart.o(i.USART_GetFlagStatus)
    USART_GetITStatus                        0x080034c1   Thumb Code    84  stm32f10x_usart.o(i.USART_GetITStatus)
    USART_ITConfig                           0x08003515   Thumb Code    74  stm32f10x_usart.o(i.USART_ITConfig)
    USART_Init                               0x08003561   Thumb Code   210  stm32f10x_usart.o(i.USART_Init)
    USART_MUSIC                              0x08003639   Thumb Code    56  usart.o(i.USART_MUSIC)
    USART_ReceiveData                        0x08003671   Thumb Code    10  stm32f10x_usart.o(i.USART_ReceiveData)
    USART_SendData                           0x0800367b   Thumb Code     8  stm32f10x_usart.o(i.USART_SendData)
    USART_VOL                                0x08003683   Thumb Code    52  usart.o(i.USART_VOL)
    UsageFault_Handler                       0x080036b7   Thumb Code     4  stm32f10x_it.o(i.UsageFault_Handler)
    Usart1_GetRxData                         0x080036bd   Thumb Code     6  usart.o(i.Usart1_GetRxData)
    Usart1_GetRxFlag                         0x080036c9   Thumb Code    22  usart.o(i.Usart1_GetRxFlag)
    Usart1_SendArray                         0x080036e5   Thumb Code    26  usart.o(i.Usart1_SendArray)
    Usart1_SendByte                          0x08003701   Thumb Code    28  usart.o(i.Usart1_SendByte)
    Usart3_GetRxData                         0x08003721   Thumb Code     6  usart.o(i.Usart3_GetRxData)
    Usart3_GetRxFlag                         0x0800372d   Thumb Code    22  usart.o(i.Usart3_GetRxFlag)
    Usart3_SendByte                          0x08003749   Thumb Code    28  usart.o(i.Usart3_SendByte)
    Usart_Init                               0x08003769   Thumb Code   332  usart.o(i.Usart_Init)
    __scatterload_copy                       0x080038c5   Thumb Code    14  handlers.o(i.__scatterload_copy)
    __scatterload_null                       0x080038d3   Thumb Code     2  handlers.o(i.__scatterload_null)
    __scatterload_zeroinit                   0x080038d5   Thumb Code    14  handlers.o(i.__scatterload_zeroinit)
    delay_ms                                 0x080038e3   Thumb Code    74  clock.o(i.delay_ms)
    key16_init                               0x0800392d   Thumb Code   112  key16.o(i.key16_init)
    main                                     0x080039a5   Thumb Code  1606  main.o(i.main)
    transflag                                0x08004049   Thumb Code    12  main.o(i.transflag)
    table_week                               0x08004054   Data          12  rtc.o(.constdata)
    mon_table                                0x08004060   Data          12  rtc.o(.constdata)
    asc2_0806                                0x0800406c   Data         552  oled.o(.constdata)
    asc2_1206                                0x08004294   Data        1140  oled.o(.constdata)
    asc2_1608                                0x08004708   Data        1520  oled.o(.constdata)
    asc2_2412                                0x08004cf8   Data        3420  oled.o(.constdata)
    Hzk1                                     0x08005a54   Data        1824  oled.o(.constdata)
    Hzk2                                     0x08006174   Data          72  oled.o(.constdata)
    Hzk3                                     0x080061bc   Data         128  oled.o(.constdata)
    Hzk4                                     0x0800623c   Data         512  oled.o(.constdata)
    Region$$Table$$Base                      0x0800643c   Number         0  anon$$obj.o(Region$$Table)
    Region$$Table$$Limit                     0x0800645c   Number         0  anon$$obj.o(Region$$Table)
    ClockTime                                0x20000014   Data           8  timer.o(.data)
    clock                                    0x2000001c   Data           8  timer.o(.data)
    testflag                                 0x20000024   Data           1  timer.o(.data)
    Usart1_RxData                            0x20000025   Data           1  usart.o(.data)
    Usart1_RxFlag                            0x20000026   Data           1  usart.o(.data)
    Usart3_RxData                            0x20000027   Data           1  usart.o(.data)
    Usart3_RxFlag                            0x20000028   Data           1  usart.o(.data)
    ryear                                    0x2000002a   Data           2  rtc.o(.data)
    rmon                                     0x2000002c   Data           1  rtc.o(.data)
    rday                                     0x2000002d   Data           1  rtc.o(.data)
    rhour                                    0x2000002e   Data           1  rtc.o(.data)
    rmin                                     0x2000002f   Data           1  rtc.o(.data)
    rsec                                     0x20000030   Data           1  rtc.o(.data)
    rweek                                    0x20000031   Data           1  rtc.o(.data)
    Key_row                                  0x20000034   Data           1  key16.o(.data)
    BMP1                                     0x20000035   Data         512  clock.o(.data)
    BMP2                                     0x20000235   Data        1024  clock.o(.data)
    Music_Cmd_Appoint                        0x20000635   Data           6  clock.o(.data)
    KeyNum                                   0x2000063c   Data           1  main.o(.data)
    MenuSelect                               0x2000063d   Data           1  main.o(.data)
    MenuShow                                 0x2000063e   Data           1  main.o(.data)
    inputmode                                0x2000063f   Data           1  main.o(.data)
    mode                                     0x20000640   Data           1  main.o(.data)
    weekflag                                 0x20000641   Data           1  main.o(.data)
    ClockSelect                              0x20000642   Data           1  main.o(.data)
    SetSelect                                0x20000643   Data           1  main.o(.data)
    s                                        0x20000644   Data           4  main.o(.data)
    RxData                                   0x20000648   Data           1  main.o(.data)
    DHT_Buffer                               0x20000649   Data           5  main.o(.data)
    Sday                                     0x2000064e   Data           1  main.o(.data)
    Shour                                    0x2000064f   Data           1  main.o(.data)
    Smin                                     0x20000650   Data           1  main.o(.data)
    Ssec                                     0x20000651   Data           1  main.o(.data)
    Sleep                                    0x20000652   Data           2  main.o(.data)
    Sh                                       0x20000654   Data           2  main.o(.data)
    Sm                                       0x20000656   Data           2  main.o(.data)
    Sleepflag                                0x20000658   Data           1  main.o(.data)
    opentest                                 0x20000659   Data           1  main.o(.data)
    sayflag                                  0x2000065a   Data           1  main.o(.data)
    VOL                                      0x2000065b   Data           1  main.o(.data)
    VOL_Cmd_Appoint                          0x2000065c   Data           5  main.o(.data)
    TIME                                     0x20000664   Data          40  timer.o(.bss)
    OLED_GRAM                                0x2000068c   Data        1152  oled.o(.bss)
    Clock                                    0x20000b0c   Data          40  clock.o(.bss)
    Cyear                                    0x20000b34   Data          16  clock.o(.bss)
    Cmon                                     0x20000b44   Data          16  clock.o(.bss)
    Cday                                     0x20000b54   Data          16  clock.o(.bss)
    Chour                                    0x20000b64   Data          16  clock.o(.bss)
    Cmin                                     0x20000b74   Data          16  clock.o(.bss)
    Csec                                     0x20000b84   Data          16  clock.o(.bss)
    data                                     0x20000b94   Data          30  main.o(.bss)
    __initial_sp                             0x20000fb8   Data           0  startup_stm32f10x_md.o(STACK)



==============================================================================

Memory Map of the image

  Image Entry point : 0x080000ed

  Load Region LR_IROM1 (Base: 0x08000000, Size: 0x00006ac0, Max: 0x00010000, ABSOLUTE, COMPRESSED[0x00006644])

    Execution Region ER_IROM1 (Exec base: 0x08000000, Load base: 0x08000000, Size: 0x0000645c, Max: 0x00010000, ABSOLUTE)

    Exec Addr    Load Addr    Size         Type   Attr      Idx    E Section Name        Object

    0x08000000   0x08000000   0x000000ec   Data   RO            3    RESET               startup_stm32f10x_md.o
    0x080000ec   0x080000ec   0x00000000   Code   RO         3936  * .ARM.Collect$$$$00000000  mc_w.l(entry.o)
    0x080000ec   0x080000ec   0x00000004   Code   RO         3967    .ARM.Collect$$$$00000001  mc_w.l(entry2.o)
    0x080000f0   0x080000f0   0x00000004   Code   RO         3970    .ARM.Collect$$$$00000004  mc_w.l(entry5.o)
    0x080000f4   0x080000f4   0x00000000   Code   RO         3972    .ARM.Collect$$$$00000008  mc_w.l(entry7b.o)
    0x080000f4   0x080000f4   0x00000000   Code   RO         3974    .ARM.Collect$$$$0000000A  mc_w.l(entry8b.o)
    0x080000f4   0x080000f4   0x00000008   Code   RO         3975    .ARM.Collect$$$$0000000B  mc_w.l(entry9a.o)
    0x080000fc   0x080000fc   0x00000000   Code   RO         3977    .ARM.Collect$$$$0000000D  mc_w.l(entry10a.o)
    0x080000fc   0x080000fc   0x00000000   Code   RO         3979    .ARM.Collect$$$$0000000F  mc_w.l(entry11a.o)
    0x080000fc   0x080000fc   0x00000004   Code   RO         3968    .ARM.Collect$$$$00002712  mc_w.l(entry2.o)
    0x08000100   0x08000100   0x00000024   Code   RO            4    .text               startup_stm32f10x_md.o
    0x08000124   0x08000124   0x00000024   Code   RO         3997    .text               mc_w.l(init.o)
    0x08000148   0x08000148   0x00000056   Code   RO         4015    .text               mc_w.l(__dczerorl2.o)
    0x0800019e   0x0800019e   0x00000002   PAD
    0x080001a0   0x080001a0   0x000000ac   Code   RO         3229    i.Alarm_GetTime     timer.o
    0x0800024c   0x0800024c   0x00000088   Code   RO         3230    i.Alarm_Set         timer.o
    0x080002d4   0x080002d4   0x00000010   Code   RO          426    i.BKP_DeInit        stm32f10x_bkp.o
    0x080002e4   0x080002e4   0x0000001c   Code   RO          431    i.BKP_ReadBackupRegister  stm32f10x_bkp.o
    0x08000300   0x08000300   0x0000001c   Code   RO          435    i.BKP_WriteBackupRegister  stm32f10x_bkp.o
    0x0800031c   0x0800031c   0x00000004   Code   RO         3873    i.BusFault_Handler  stm32f10x_it.o
    0x08000320   0x08000320   0x000001cc   Code   RO         3718    i.ClockInput        clock.o
    0x080004ec   0x080004ec   0x000000d4   Code   RO         3719    i.ClockResponse     clock.o
    0x080005c0   0x080005c0   0x00000038   Code   RO         3649    i.DHT_GPIO_Init     dht11.o
    0x080005f8   0x080005f8   0x00000054   Code   RO         3650    i.DHT_Get_Byte_Data  dht11.o
    0x0800064c   0x0800064c   0x00000044   Code   RO         3651    i.DHT_Get_Temp_Humi_Data  dht11.o
    0x08000690   0x08000690   0x00000068   Code   RO         3652    i.DHT_Start         dht11.o
    0x080006f8   0x080006f8   0x00000002   Code   RO         3874    i.DebugMon_Handler  stm32f10x_it.o
    0x080006fa   0x080006fa   0x00000018   Code   RO         3205    i.Delay_ms          delay.o
    0x08000712   0x08000712   0x0000002e   Code   RO         3207    i.Delay_us          delay.o
    0x08000740   0x08000740   0x00000018   Code   RO         3721    i.EXTI2_IRQHandler  clock.o
    0x08000758   0x08000758   0x0000000c   Code   RO          984    i.EXTI_ClearFlag    stm32f10x_exti.o
    0x08000764   0x08000764   0x0000000c   Code   RO          985    i.EXTI_ClearITPendingBit  stm32f10x_exti.o
    0x08000770   0x08000770   0x00000028   Code   RO          989    i.EXTI_GetITStatus  stm32f10x_exti.o
    0x08000798   0x08000798   0x00000116   Code   RO         1347    i.GPIO_Init         stm32f10x_gpio.o
    0x080008ae   0x080008ae   0x00000012   Code   RO         1351    i.GPIO_ReadInputDataBit  stm32f10x_gpio.o
    0x080008c0   0x080008c0   0x00000004   Code   RO         1354    i.GPIO_ResetBits    stm32f10x_gpio.o
    0x080008c4   0x080008c4   0x00000004   Code   RO         1355    i.GPIO_SetBits      stm32f10x_gpio.o
    0x080008c8   0x080008c8   0x0000000a   Code   RO         1358    i.GPIO_WriteBit     stm32f10x_gpio.o
    0x080008d2   0x080008d2   0x00000004   Code   RO         3875    i.HardFault_Handler  stm32f10x_it.o
    0x080008d6   0x080008d6   0x00000002   PAD
    0x080008d8   0x080008d8   0x0000003c   Code   RO         3495    i.I2C_Start         oled.o
    0x08000914   0x08000914   0x0000002c   Code   RO         3496    i.I2C_Stop          oled.o
    0x08000940   0x08000940   0x00000034   Code   RO         3497    i.I2C_WaitAck       oled.o
    0x08000974   0x08000974   0x00000010   Code   RO         3498    i.IIC_delay         oled.o
    0x08000984   0x08000984   0x0000003a   Code   RO         3434    i.Is_Leap_Year      rtc.o
    0x080009be   0x080009be   0x00000054   Code   RO         3679    i.KEY_GET           key16.o
    0x08000a12   0x08000a12   0x00000002   PAD
    0x08000a14   0x08000a14   0x000000a0   Code   RO         3680    i.KEY_ROW_SCAN      key16.o
    0x08000ab4   0x08000ab4   0x000000cc   Code   RO         3681    i.KEY_SCAN          key16.o
    0x08000b80   0x08000b80   0x00000004   Code   RO         3876    i.MemManage_Handler  stm32f10x_it.o
    0x08000b84   0x08000b84   0x0000073c   Code   RO         3796    i.Menu              main.o
    0x080012c0   0x080012c0   0x00000030   Code   RO         3797    i.Menu1             main.o
    0x080012f0   0x080012f0   0x00000284   Code   RO         3798    i.Menu2             main.o
    0x08001574   0x08001574   0x00000100   Code   RO         3799    i.Menu3             main.o
    0x08001674   0x08001674   0x0000017c   Code   RO         3800    i.Menu4             main.o
    0x080017f0   0x080017f0   0x00000054   Code   RO         3801    i.Menu5             main.o
    0x08001844   0x08001844   0x00000384   Code   RO         3802    i.Menu6             main.o
    0x08001bc8   0x08001bc8   0x00000002   Code   RO         3877    i.NMI_Handler       stm32f10x_it.o
    0x08001bca   0x08001bca   0x00000002   PAD
    0x08001bcc   0x08001bcc   0x00000070   Code   RO          137    i.NVIC_Init         misc.o
    0x08001c3c   0x08001c3c   0x00000014   Code   RO          138    i.NVIC_PriorityGroupConfig  misc.o
    0x08001c50   0x08001c50   0x00000030   Code   RO         3499    i.OLED_Clear        oled.o
    0x08001c80   0x08001c80   0x0000001c   Code   RO         3500    i.OLED_ColorTurn    oled.o
    0x08001c9c   0x08001c9c   0x0000001c   Code   RO         3501    i.OLED_DisPlay_Off  oled.o
    0x08001cb8   0x08001cb8   0x0000001c   Code   RO         3502    i.OLED_DisPlay_On   oled.o
    0x08001cd4   0x08001cd4   0x0000002c   Code   RO         3503    i.OLED_DisplayTurn  oled.o
    0x08001d00   0x08001d00   0x00000078   Code   RO         3506    i.OLED_DrawPoint    oled.o
    0x08001d78   0x08001d78   0x00000148   Code   RO         3507    i.OLED_Init         oled.o
    0x08001ec0   0x08001ec0   0x00000016   Code   RO         3508    i.OLED_Pow          oled.o
    0x08001ed6   0x08001ed6   0x00000002   PAD
    0x08001ed8   0x08001ed8   0x00000068   Code   RO         3509    i.OLED_Refresh      oled.o
    0x08001f40   0x08001f40   0x0000013c   Code   RO         3511    i.OLED_ShowChar     oled.o
    0x0800207c   0x0800207c   0x00000104   Code   RO         3512    i.OLED_ShowChinese  oled.o
    0x08002180   0x08002180   0x0000008c   Code   RO         3513    i.OLED_ShowNum      oled.o
    0x0800220c   0x0800220c   0x000000d6   Code   RO         3514    i.OLED_ShowPicture  oled.o
    0x080022e2   0x080022e2   0x0000004a   Code   RO         3515    i.OLED_ShowString   oled.o
    0x0800232c   0x0800232c   0x00000038   Code   RO         3516    i.OLED_WR_Byte      oled.o
    0x08002364   0x08002364   0x0000000c   Code   RO         1710    i.PWR_BackupAccessCmd  stm32f10x_pwr.o
    0x08002370   0x08002370   0x00000002   Code   RO         3878    i.PendSV_Handler    stm32f10x_it.o
    0x08002372   0x08002372   0x00000002   PAD
    0x08002374   0x08002374   0x00000060   Code   RO         3722    i.PlayStata         clock.o
    0x080023d4   0x080023d4   0x000001dc   Code   RO         3723    i.QClockInput       clock.o
    0x080025b0   0x080025b0   0x000001f8   Code   RO         3231    i.QTimeInput        timer.o
    0x080027a8   0x080027a8   0x00000020   Code   RO         1775    i.RCC_APB1PeriphClockCmd  stm32f10x_rcc.o
    0x080027c8   0x080027c8   0x00000020   Code   RO         1777    i.RCC_APB2PeriphClockCmd  stm32f10x_rcc.o
    0x080027e8   0x080027e8   0x0000000c   Code   RO         1780    i.RCC_BackupResetCmd  stm32f10x_rcc.o
    0x080027f4   0x080027f4   0x000000d4   Code   RO         1785    i.RCC_GetClocksFreq  stm32f10x_rcc.o
    0x080028c8   0x080028c8   0x0000003c   Code   RO         1786    i.RCC_GetFlagStatus  stm32f10x_rcc.o
    0x08002904   0x08002904   0x00000034   Code   RO         1793    i.RCC_LSEConfig     stm32f10x_rcc.o
    0x08002938   0x08002938   0x0000000c   Code   RO         1800    i.RCC_RTCCLKCmd     stm32f10x_rcc.o
    0x08002944   0x08002944   0x00000010   Code   RO         1801    i.RCC_RTCCLKConfig  stm32f10x_rcc.o
    0x08002954   0x08002954   0x00000010   Code   RO         1977    i.RTC_ClearITPendingBit  stm32f10x_rtc.o
    0x08002964   0x08002964   0x00000014   Code   RO         1978    i.RTC_EnterConfigMode  stm32f10x_rtc.o
    0x08002978   0x08002978   0x00000014   Code   RO         1979    i.RTC_ExitConfigMode  stm32f10x_rtc.o
    0x0800298c   0x0800298c   0x00000120   Code   RO         3436    i.RTC_Get           rtc.o
    0x08002aac   0x08002aac   0x00000014   Code   RO         1980    i.RTC_GetCounter    stm32f10x_rtc.o
    0x08002ac0   0x08002ac0   0x00000024   Code   RO         1983    i.RTC_GetITStatus   stm32f10x_rtc.o
    0x08002ae4   0x08002ae4   0x00000078   Code   RO         3437    i.RTC_Get_Week      rtc.o
    0x08002b5c   0x08002b5c   0x00000020   Code   RO         3438    i.RTC_IRQHandler    rtc.o
    0x08002b7c   0x08002b7c   0x00000020   Code   RO         1984    i.RTC_ITConfig      stm32f10x_rtc.o
    0x08002b9c   0x08002b9c   0x000000aa   Code   RO         3439    i.RTC_Init          rtc.o
    0x08002c46   0x08002c46   0x00000020   Code   RO         3440    i.RTC_NVIC_Config   rtc.o
    0x08002c66   0x08002c66   0x00000002   PAD
    0x08002c68   0x08002c68   0x000000c8   Code   RO         3441    i.RTC_Set           rtc.o
    0x08002d30   0x08002d30   0x0000001c   Code   RO         1986    i.RTC_SetCounter    stm32f10x_rtc.o
    0x08002d4c   0x08002d4c   0x00000020   Code   RO         1987    i.RTC_SetPrescaler  stm32f10x_rtc.o
    0x08002d6c   0x08002d6c   0x00000014   Code   RO         1988    i.RTC_WaitForLastTask  stm32f10x_rtc.o
    0x08002d80   0x08002d80   0x00000024   Code   RO         1989    i.RTC_WaitForSynchro  stm32f10x_rtc.o
    0x08002da4   0x08002da4   0x00000030   Code   RO         3724    i.SClockInput       clock.o
    0x08002dd4   0x08002dd4   0x00000002   Code   RO         3879    i.SVC_Handler       stm32f10x_it.o
    0x08002dd6   0x08002dd6   0x00000002   PAD
    0x08002dd8   0x08002dd8   0x00000054   Code   RO         3517    i.Send_Byte         oled.o
    0x08002e2c   0x08002e2c   0x00000008   Code   RO           24    i.SetSysClock       system_stm32f10x.o
    0x08002e34   0x08002e34   0x000000e0   Code   RO           25    i.SetSysClockTo72   system_stm32f10x.o
    0x08002f14   0x08002f14   0x00000058   Code   RO         3725    i.SleepTime         clock.o
    0x08002f6c   0x08002f6c   0x00000002   Code   RO         3880    i.SysTick_Handler   stm32f10x_it.o
    0x08002f6e   0x08002f6e   0x00000002   PAD
    0x08002f70   0x08002f70   0x00000060   Code   RO           27    i.SystemInit        system_stm32f10x.o
    0x08002fd0   0x08002fd0   0x00000040   Code   RO         3232    i.TIM2_IRQHandler   timer.o
    0x08003010   0x08003010   0x0000002c   Code   RO         3233    i.TIM3_IRQHandler   timer.o
    0x0800303c   0x0800303c   0x00000006   Code   RO         2415    i.TIM_ClearFlag     stm32f10x_tim.o
    0x08003042   0x08003042   0x00000006   Code   RO         2416    i.TIM_ClearITPendingBit  stm32f10x_tim.o
    0x08003048   0x08003048   0x00000018   Code   RO         2421    i.TIM_Cmd           stm32f10x_tim.o
    0x08003060   0x08003060   0x00000022   Code   RO         2442    i.TIM_GetITStatus   stm32f10x_tim.o
    0x08003082   0x08003082   0x00000012   Code   RO         2446    i.TIM_ITConfig      stm32f10x_tim.o
    0x08003094   0x08003094   0x0000000c   Code   RO         2448    i.TIM_InternalClockConfig  stm32f10x_tim.o
    0x080030a0   0x080030a0   0x000000a4   Code   RO         2492    i.TIM_TimeBaseInit  stm32f10x_tim.o
    0x08003144   0x08003144   0x000001e4   Code   RO         3234    i.TimeInput         timer.o
    0x08003328   0x08003328   0x000000d8   Code   RO         3235    i.Timer_Init        timer.o
    0x08003400   0x08003400   0x00000038   Code   RO         3310    i.USART1_IRQHandler  usart.o
    0x08003438   0x08003438   0x00000038   Code   RO         3311    i.USART3_IRQHandler  usart.o
    0x08003470   0x08003470   0x0000001e   Code   RO         2957    i.USART_ClearITPendingBit  stm32f10x_usart.o
    0x0800348e   0x0800348e   0x00000018   Code   RO         2960    i.USART_Cmd         stm32f10x_usart.o
    0x080034a6   0x080034a6   0x0000001a   Code   RO         2963    i.USART_GetFlagStatus  stm32f10x_usart.o
    0x080034c0   0x080034c0   0x00000054   Code   RO         2964    i.USART_GetITStatus  stm32f10x_usart.o
    0x08003514   0x08003514   0x0000004a   Code   RO         2966    i.USART_ITConfig    stm32f10x_usart.o
    0x0800355e   0x0800355e   0x00000002   PAD
    0x08003560   0x08003560   0x000000d8   Code   RO         2967    i.USART_Init        stm32f10x_usart.o
    0x08003638   0x08003638   0x00000038   Code   RO         3312    i.USART_MUSIC       usart.o
    0x08003670   0x08003670   0x0000000a   Code   RO         2974    i.USART_ReceiveData  stm32f10x_usart.o
    0x0800367a   0x0800367a   0x00000008   Code   RO         2977    i.USART_SendData    stm32f10x_usart.o
    0x08003682   0x08003682   0x00000034   Code   RO         3313    i.USART_VOL         usart.o
    0x080036b6   0x080036b6   0x00000004   Code   RO         3881    i.UsageFault_Handler  stm32f10x_it.o
    0x080036ba   0x080036ba   0x00000002   PAD
    0x080036bc   0x080036bc   0x0000000c   Code   RO         3314    i.Usart1_GetRxData  usart.o
    0x080036c8   0x080036c8   0x0000001c   Code   RO         3315    i.Usart1_GetRxFlag  usart.o
    0x080036e4   0x080036e4   0x0000001a   Code   RO         3316    i.Usart1_SendArray  usart.o
    0x080036fe   0x080036fe   0x00000002   PAD
    0x08003700   0x08003700   0x00000020   Code   RO         3317    i.Usart1_SendByte   usart.o
    0x08003720   0x08003720   0x0000000c   Code   RO         3318    i.Usart3_GetRxData  usart.o
    0x0800372c   0x0800372c   0x0000001c   Code   RO         3319    i.Usart3_GetRxFlag  usart.o
    0x08003748   0x08003748   0x00000020   Code   RO         3321    i.Usart3_SendByte   usart.o
    0x08003768   0x08003768   0x0000015c   Code   RO         3324    i.Usart_Init        usart.o
    0x080038c4   0x080038c4   0x0000000e   Code   RO         4009    i.__scatterload_copy  mc_w.l(handlers.o)
    0x080038d2   0x080038d2   0x00000002   Code   RO         4010    i.__scatterload_null  mc_w.l(handlers.o)
    0x080038d4   0x080038d4   0x0000000e   Code   RO         4011    i.__scatterload_zeroinit  mc_w.l(handlers.o)
    0x080038e2   0x080038e2   0x0000004a   Code   RO         3726    i.delay_ms          clock.o
    0x0800392c   0x0800392c   0x00000078   Code   RO         3682    i.key16_init        key16.o
    0x080039a4   0x080039a4   0x000006a4   Code   RO         3803    i.main              main.o
    0x08004048   0x08004048   0x0000000c   Code   RO         3804    i.transflag         main.o
    0x08004054   0x08004054   0x00000018   Data   RO         3442    .constdata          rtc.o
    0x0800406c   0x0800406c   0x000023d0   Data   RO         3519    .constdata          oled.o
    0x0800643c   0x0800643c   0x00000020   Data   RO         4007    Region$$Table       anon$$obj.o


    Execution Region RW_IRAM1 (Exec base: 0x20000000, Load base: 0x0800645c, Size: 0x00000fb8, Max: 0x00005000, ABSOLUTE, COMPRESSED[0x000001e8])

    Exec Addr    Load Addr    Size         Type   Attr      Idx    E Section Name        Object

    0x20000000   COMPRESSED   0x00000014   Data   RW         1805    .data               stm32f10x_rcc.o
    0x20000014   COMPRESSED   0x00000011   Data   RW         3237    .data               timer.o
    0x20000025   COMPRESSED   0x00000004   Data   RW         3328    .data               usart.o
    0x20000029   COMPRESSED   0x00000001   PAD
    0x2000002a   COMPRESSED   0x0000000a   Data   RW         3443    .data               rtc.o
    0x20000034   COMPRESSED   0x00000001   Data   RW         3683    .data               key16.o
    0x20000035   COMPRESSED   0x00000606   Data   RW         3728    .data               clock.o
    0x2000063b   COMPRESSED   0x00000001   PAD
    0x2000063c   COMPRESSED   0x00000025   Data   RW         3806    .data               main.o
    0x20000661   COMPRESSED   0x00000003   PAD
    0x20000664        -       0x00000028   Zero   RW         3236    .bss                timer.o
    0x2000068c        -       0x00000480   Zero   RW         3518    .bss                oled.o
    0x20000b0c        -       0x00000088   Zero   RW         3727    .bss                clock.o
    0x20000b94        -       0x0000001e   Zero   RW         3805    .bss                main.o
    0x20000bb2   COMPRESSED   0x00000006   PAD
    0x20000bb8        -       0x00000400   Zero   RW            1    STACK               startup_stm32f10x_md.o


==============================================================================

Image component sizes


      Code (inc. data)   RO Data    RW Data    ZI Data      Debug   Object Name

      1478        128          0       1542        136       6403   clock.o
         0          0          0          0          0       4508   core_cm3.o
        70          0          0          0          0        978   delay.o
       312         16          0          0          0       2745   dht11.o
       568         30          0          1          0       2863   key16.o
      5876        492          0         37         30       8629   main.o
       132         22          0          0          0     204807   misc.o
      2066         80       9168          0       1152      13968   oled.o
       900         64         24         10          0       5613   rtc.o
        36          8        236          0       1024        820   startup_stm32f10x_md.o
         0          0          0          0          0       1668   stm32f10x_adc.o
        72         10          0          0          0       2572   stm32f10x_bkp.o
        64         18          0          0          0       1565   stm32f10x_exti.o
       314          0          0          0          0      12412   stm32f10x_gpio.o
        26          0          0          0          0       3838   stm32f10x_it.o
        12          6          0          0          0        486   stm32f10x_pwr.o
       428         58          0         20          0      15642   stm32f10x_rcc.o
       260         48          0          0          0       4920   stm32f10x_rtc.o
       264         42          0          0          0      24724   stm32f10x_tim.o
       472          6          0          0          0      12587   stm32f10x_usart.o
       328         28          0          0          0      45301   system_stm32f10x.o
      1620        156          0         17         40       5953   timer.o
       738         72          0          4          0       7212   usart.o

    ----------------------------------------------------------------------
     16058       1284       9460       1636       2388     390214   Object Totals
         0          0         32          0          0          0   (incl. Generated)
        22          0          0          5          6          0   (incl. Padding)

    ----------------------------------------------------------------------

      Code (inc. data)   RO Data    RW Data    ZI Data      Debug   Library Member Name

        86          0          0          0          0          0   __dczerorl2.o
         0          0          0          0          0          0   entry.o
         0          0          0          0          0          0   entry10a.o
         0          0          0          0          0          0   entry11a.o
         8          4          0          0          0          0   entry2.o
         4          0          0          0          0          0   entry5.o
         0          0          0          0          0          0   entry7b.o
         0          0          0          0          0          0   entry8b.o
         8          4          0          0          0          0   entry9a.o
        30          0          0          0          0          0   handlers.o
        36          8          0          0          0         68   init.o

    ----------------------------------------------------------------------
       174         16          0          0          0         68   Library Totals
         2          0          0          0          0          0   (incl. Padding)

    ----------------------------------------------------------------------

      Code (inc. data)   RO Data    RW Data    ZI Data      Debug   Library Name

       172         16          0          0          0         68   mc_w.l

    ----------------------------------------------------------------------
       174         16          0          0          0         68   Library Totals

    ----------------------------------------------------------------------

==============================================================================


      Code (inc. data)   RO Data    RW Data    ZI Data      Debug   

     16232       1300       9460       1636       2388     383962   Grand Totals
     16232       1300       9460        488       2388     383962   ELF Image Totals (compressed)
     16232       1300       9460        488          0          0   ROM Totals

==============================================================================

    Total RO  Size (Code + RO Data)                25692 (  25.09kB)
    Total RW  Size (RW Data + ZI Data)              4024 (   3.93kB)
    Total ROM Size (Code + RO Data + RW Data)      26180 (  25.57kB)

==============================================================================

